[0.215s] DEBUG:colcon:Command line arguments: ['/usr/bin/colcon', 'build', '--symlink-install']
[0.216s] DEBUG:colcon:Parsed command line arguments: Namespace(log_base=None, log_level=None, verb_name='build', build_base='build', install_base='install', merge_install=False, symlink_install=True, test_result_base=None, continue_on_error=False, executor='parallel', parallel_workers=6, event_handlers=None, ignore_user_meta=False, metas=['./colcon.meta'], base_paths=['.'], packages_ignore=None, packages_ignore_regex=None, paths=None, packages_up_to=None, packages_up_to_regex=None, packages_above=None, packages_above_and_dependencies=None, packages_above_depth=None, packages_select_by_dep=None, packages_skip_by_dep=None, packages_skip_up_to=None, packages_select_build_failed=False, packages_skip_build_finished=False, packages_select_test_failures=False, packages_skip_test_passed=False, packages_select=None, packages_skip=None, packages_select_regex=None, packages_skip_regex=None, packages_start=None, packages_end=None, allow_overriding=[], cmake_args=None, cmake_target=None, cmake_target_skip_unavailable=False, cmake_clean_cache=False, cmake_clean_first=False, cmake_force_configure=False, ament_cmake_args=None, catkin_cmake_args=None, catkin_skip_building_tests=False, verb_parser=<colcon_defaults.argument_parser.defaults.DefaultArgumentsDecorator object at 0xffff7fc5fa60>, verb_extension=<colcon_core.verb.build.BuildVerb object at 0xffff7fe20250>, main=<bound method BuildVerb.main of <colcon_core.verb.build.BuildVerb object at 0xffff7fe20250>>)
[0.548s] Level 1:colcon.colcon_core.package_discovery:discover_packages(colcon_meta) check parameters
[0.549s] Level 1:colcon.colcon_core.package_discovery:discover_packages(recursive) check parameters
[0.549s] Level 1:colcon.colcon_core.package_discovery:discover_packages(ignore) check parameters
[0.549s] Level 1:colcon.colcon_core.package_discovery:discover_packages(path) check parameters
[0.549s] Level 1:colcon.colcon_core.package_discovery:discover_packages(colcon_meta) discover
[0.549s] Level 1:colcon.colcon_core.package_discovery:discover_packages(recursive) discover
[0.549s] INFO:colcon.colcon_core.package_discovery:Crawling recursively for packages in '/home/robotics/project_deskdash/lidar_ws'
[0.550s] Level 1:colcon.colcon_core.package_identification:_identify(.) by extensions ['ignore', 'ignore_ament_install']
[0.550s] Level 1:colcon.colcon_core.package_identification:_identify(.) by extension 'ignore'
[0.550s] Level 1:colcon.colcon_core.package_identification:_identify(.) by extension 'ignore_ament_install'
[0.550s] Level 1:colcon.colcon_core.package_identification:_identify(.) by extensions ['colcon_pkg']
[0.550s] Level 1:colcon.colcon_core.package_identification:_identify(.) by extension 'colcon_pkg'
[0.551s] Level 1:colcon.colcon_core.package_identification:_identify(.) by extensions ['colcon_meta']
[0.551s] Level 1:colcon.colcon_core.package_identification:_identify(.) by extension 'colcon_meta'
[0.551s] Level 1:colcon.colcon_core.package_identification:_identify(.) by extensions ['ros']
[0.551s] Level 1:colcon.colcon_core.package_identification:_identify(.) by extension 'ros'
[0.575s] Level 1:colcon.colcon_core.package_identification:_identify(.) by extensions ['cmake', 'python']
[0.575s] Level 1:colcon.colcon_core.package_identification:_identify(.) by extension 'cmake'
[0.575s] Level 1:colcon.colcon_core.package_identification:_identify(.) by extension 'python'
[0.575s] Level 1:colcon.colcon_core.package_identification:_identify(.) by extensions ['python_setup_py']
[0.575s] Level 1:colcon.colcon_core.package_identification:_identify(.) by extension 'python_setup_py'
[0.576s] Level 1:colcon.colcon_core.package_identification:_identify(build) by extensions ['ignore', 'ignore_ament_install']
[0.576s] Level 1:colcon.colcon_core.package_identification:_identify(build) by extension 'ignore'
[0.576s] Level 1:colcon.colcon_core.package_identification:_identify(build) ignored
[0.576s] Level 1:colcon.colcon_core.package_identification:_identify(install) by extensions ['ignore', 'ignore_ament_install']
[0.576s] Level 1:colcon.colcon_core.package_identification:_identify(install) by extension 'ignore'
[0.576s] Level 1:colcon.colcon_core.package_identification:_identify(install) ignored
[0.577s] Level 1:colcon.colcon_core.package_identification:_identify(log) by extensions ['ignore', 'ignore_ament_install']
[0.577s] Level 1:colcon.colcon_core.package_identification:_identify(log) by extension 'ignore'
[0.577s] Level 1:colcon.colcon_core.package_identification:_identify(log) ignored
[0.577s] Level 1:colcon.colcon_core.package_identification:_identify(src) by extensions ['ignore', 'ignore_ament_install']
[0.577s] Level 1:colcon.colcon_core.package_identification:_identify(src) by extension 'ignore'
[0.577s] Level 1:colcon.colcon_core.package_identification:_identify(src) by extension 'ignore_ament_install'
[0.578s] Level 1:colcon.colcon_core.package_identification:_identify(src) by extensions ['colcon_pkg']
[0.578s] Level 1:colcon.colcon_core.package_identification:_identify(src) by extension 'colcon_pkg'
[0.578s] Level 1:colcon.colcon_core.package_identification:_identify(src) by extensions ['colcon_meta']
[0.578s] Level 1:colcon.colcon_core.package_identification:_identify(src) by extension 'colcon_meta'
[0.578s] Level 1:colcon.colcon_core.package_identification:_identify(src) by extensions ['ros']
[0.578s] Level 1:colcon.colcon_core.package_identification:_identify(src) by extension 'ros'
[0.578s] Level 1:colcon.colcon_core.package_identification:_identify(src) by extensions ['cmake', 'python']
[0.578s] Level 1:colcon.colcon_core.package_identification:_identify(src) by extension 'cmake'
[0.578s] Level 1:colcon.colcon_core.package_identification:_identify(src) by extension 'python'
[0.578s] Level 1:colcon.colcon_core.package_identification:_identify(src) by extensions ['python_setup_py']
[0.579s] Level 1:colcon.colcon_core.package_identification:_identify(src) by extension 'python_setup_py'
[0.579s] Level 1:colcon.colcon_core.package_identification:_identify(src/sllidar_ros2) by extensions ['ignore', 'ignore_ament_install']
[0.579s] Level 1:colcon.colcon_core.package_identification:_identify(src/sllidar_ros2) by extension 'ignore'
[0.579s] Level 1:colcon.colcon_core.package_identification:_identify(src/sllidar_ros2) by extension 'ignore_ament_install'
[0.579s] Level 1:colcon.colcon_core.package_identification:_identify(src/sllidar_ros2) by extensions ['colcon_pkg']
[0.579s] Level 1:colcon.colcon_core.package_identification:_identify(src/sllidar_ros2) by extension 'colcon_pkg'
[0.579s] Level 1:colcon.colcon_core.package_identification:_identify(src/sllidar_ros2) by extensions ['colcon_meta']
[0.579s] Level 1:colcon.colcon_core.package_identification:_identify(src/sllidar_ros2) by extension 'colcon_meta'
[0.580s] Level 1:colcon.colcon_core.package_identification:_identify(src/sllidar_ros2) by extensions ['ros']
[0.580s] Level 1:colcon.colcon_core.package_identification:_identify(src/sllidar_ros2) by extension 'ros'
[0.585s] DEBUG:colcon.colcon_core.package_identification:Package 'src/sllidar_ros2' with type 'ros.ament_cmake' and name 'sllidar_ros2'
[0.585s] Level 1:colcon.colcon_core.package_discovery:discover_packages(recursive) using defaults
[0.585s] Level 1:colcon.colcon_core.package_discovery:discover_packages(ignore) discover
[0.585s] Level 1:colcon.colcon_core.package_discovery:discover_packages(ignore) using defaults
[0.585s] Level 1:colcon.colcon_core.package_discovery:discover_packages(path) discover
[0.585s] Level 1:colcon.colcon_core.package_discovery:discover_packages(path) using defaults
[0.624s] Level 1:colcon.colcon_core.package_discovery:discover_packages(prefix_path) check parameters
[0.624s] Level 1:colcon.colcon_core.package_discovery:discover_packages(prefix_path) discover
[0.626s] WARNING:colcon.colcon_core.prefix_path.colcon:The path '/home/robotics/ws_lidar/install' in the environment variable COLCON_PREFIX_PATH doesn't exist
[0.626s] WARNING:colcon.colcon_ros.prefix_path.ament:The path '/home/robotics/ws_lidar/install/sllidar_ros2' in the environment variable AMENT_PREFIX_PATH doesn't exist
[0.626s] WARNING:colcon.colcon_ros.prefix_path.ament:The path '/home/robotics/project_deskdash/lidar_ws/install/sllidar_ros2' in the environment variable AMENT_PREFIX_PATH doesn't exist
[0.627s] WARNING:colcon.colcon_ros.prefix_path.catkin:The path '/home/robotics/ws_lidar/install/sllidar_ros2' in the environment variable CMAKE_PREFIX_PATH doesn't exist
[0.627s] WARNING:colcon.colcon_ros.prefix_path.catkin:The path '/home/robotics/project_deskdash/lidar_ws/install/sllidar_ros2' in the environment variable CMAKE_PREFIX_PATH doesn't exist
[0.629s] DEBUG:colcon.colcon_installed_package_information.package_discovery:Found 3 installed packages in /home/robotics/project_deskdash/microros_ws/install
[0.630s] DEBUG:colcon.colcon_installed_package_information.package_discovery:Found 0 installed packages in /home/robotics/project_deskdash/lidar_ws/install
[0.632s] DEBUG:colcon.colcon_installed_package_information.package_discovery:Found 271 installed packages in /opt/ros/humble
[0.636s] Level 1:colcon.colcon_core.package_discovery:discover_packages(prefix_path) using defaults
[0.741s] Level 5:colcon.colcon_core.verb:set package 'sllidar_ros2' build argument 'cmake_args' from command line to 'None'
[0.741s] Level 5:colcon.colcon_core.verb:set package 'sllidar_ros2' build argument 'cmake_target' from command line to 'None'
[0.741s] Level 5:colcon.colcon_core.verb:set package 'sllidar_ros2' build argument 'cmake_target_skip_unavailable' from command line to 'False'
[0.741s] Level 5:colcon.colcon_core.verb:set package 'sllidar_ros2' build argument 'cmake_clean_cache' from command line to 'False'
[0.741s] Level 5:colcon.colcon_core.verb:set package 'sllidar_ros2' build argument 'cmake_clean_first' from command line to 'False'
[0.741s] Level 5:colcon.colcon_core.verb:set package 'sllidar_ros2' build argument 'cmake_force_configure' from command line to 'False'
[0.741s] Level 5:colcon.colcon_core.verb:set package 'sllidar_ros2' build argument 'ament_cmake_args' from command line to 'None'
[0.741s] Level 5:colcon.colcon_core.verb:set package 'sllidar_ros2' build argument 'catkin_cmake_args' from command line to 'None'
[0.741s] Level 5:colcon.colcon_core.verb:set package 'sllidar_ros2' build argument 'catkin_skip_building_tests' from command line to 'False'
[0.742s] DEBUG:colcon.colcon_core.verb:Building package 'sllidar_ros2' with the following arguments: {'ament_cmake_args': None, 'build_base': '/home/robotics/project_deskdash/lidar_ws/build/sllidar_ros2', 'catkin_cmake_args': None, 'catkin_skip_building_tests': False, 'cmake_args': None, 'cmake_clean_cache': False, 'cmake_clean_first': False, 'cmake_force_configure': False, 'cmake_target': None, 'cmake_target_skip_unavailable': False, 'install_base': '/home/robotics/project_deskdash/lidar_ws/install/sllidar_ros2', 'merge_install': False, 'path': '/home/robotics/project_deskdash/lidar_ws/src/sllidar_ros2', 'symlink_install': True, 'test_result_base': None}
[0.742s] INFO:colcon.colcon_core.executor:Executing jobs using 'parallel' executor
[0.744s] DEBUG:colcon.colcon_parallel_executor.executor.parallel:run_until_complete
[0.745s] INFO:colcon.colcon_ros.task.ament_cmake.build:Building ROS package in '/home/robotics/project_deskdash/lidar_ws/src/sllidar_ros2' with build type 'ament_cmake'
[0.745s] INFO:colcon.colcon_cmake.task.cmake.build:Building CMake package in '/home/robotics/project_deskdash/lidar_ws/src/sllidar_ros2'
[0.749s] INFO:colcon.colcon_core.plugin_system:Skipping extension 'colcon_core.shell.bat': Not used on non-Windows systems
[0.750s] INFO:colcon.colcon_core.shell:Skip shell extension 'powershell' for command environment: Not usable outside of PowerShell
[0.750s] DEBUG:colcon.colcon_core.shell:Skip shell extension 'dsv' for command environment
[0.772s] DEBUG:colcon.colcon_core.event_handler.log_command:Invoking command in '/home/robotics/project_deskdash/lidar_ws/build/sllidar_ros2': CMAKE_PREFIX_PATH=${CMAKE_PREFIX_PATH}:/opt/ros/humble /usr/bin/cmake /home/robotics/project_deskdash/lidar_ws/src/sllidar_ros2 -DAMENT_CMAKE_SYMLINK_INSTALL=1 -DCMAKE_INSTALL_PREFIX=/home/robotics/project_deskdash/lidar_ws/install/sllidar_ros2
[3.320s] DEBUG:colcon.colcon_core.event_handler.log_command:Invoked command in '/home/robotics/project_deskdash/lidar_ws/build/sllidar_ros2' returned '0': CMAKE_PREFIX_PATH=${CMAKE_PREFIX_PATH}:/opt/ros/humble /usr/bin/cmake /home/robotics/project_deskdash/lidar_ws/src/sllidar_ros2 -DAMENT_CMAKE_SYMLINK_INSTALL=1 -DCMAKE_INSTALL_PREFIX=/home/robotics/project_deskdash/lidar_ws/install/sllidar_ros2
[3.326s] DEBUG:colcon.colcon_core.event_handler.log_command:Invoking command in '/home/robotics/project_deskdash/lidar_ws/build/sllidar_ros2': CMAKE_PREFIX_PATH=${CMAKE_PREFIX_PATH}:/opt/ros/humble /usr/bin/cmake --build /home/robotics/project_deskdash/lidar_ws/build/sllidar_ros2 -- -j6 -l6
[23.205s] DEBUG:colcon.colcon_core.event_handler.log_command:Invoked command in '/home/robotics/project_deskdash/lidar_ws/build/sllidar_ros2' returned '0': CMAKE_PREFIX_PATH=${CMAKE_PREFIX_PATH}:/opt/ros/humble /usr/bin/cmake --build /home/robotics/project_deskdash/lidar_ws/build/sllidar_ros2 -- -j6 -l6
[23.228s] DEBUG:colcon.colcon_core.event_handler.log_command:Invoking command in '/home/robotics/project_deskdash/lidar_ws/build/sllidar_ros2': CMAKE_PREFIX_PATH=${CMAKE_PREFIX_PATH}:/opt/ros/humble /usr/bin/cmake --install /home/robotics/project_deskdash/lidar_ws/build/sllidar_ros2
[24.099s] Level 1:colcon.colcon_core.environment:create_environment_scripts_only(sllidar_ros2)
[24.101s] DEBUG:colcon.colcon_core.event_handler.log_command:Invoked command in '/home/robotics/project_deskdash/lidar_ws/build/sllidar_ros2' returned '0': CMAKE_PREFIX_PATH=${CMAKE_PREFIX_PATH}:/opt/ros/humble /usr/bin/cmake --install /home/robotics/project_deskdash/lidar_ws/build/sllidar_ros2
[24.109s] Level 1:colcon.colcon_core.environment:checking '/home/robotics/project_deskdash/lidar_ws/install/sllidar_ros2' for CMake module files
[24.111s] Level 1:colcon.colcon_core.environment:checking '/home/robotics/project_deskdash/lidar_ws/install/sllidar_ros2' for CMake config files
[24.113s] Level 1:colcon.colcon_core.shell:create_environment_hook('sllidar_ros2', 'cmake_prefix_path')
[24.113s] INFO:colcon.colcon_core.shell:Creating environment hook '/home/robotics/project_deskdash/lidar_ws/install/sllidar_ros2/share/sllidar_ros2/hook/cmake_prefix_path.ps1'
[24.115s] INFO:colcon.colcon_core.shell:Creating environment descriptor '/home/robotics/project_deskdash/lidar_ws/install/sllidar_ros2/share/sllidar_ros2/hook/cmake_prefix_path.dsv'
[24.116s] INFO:colcon.colcon_core.shell:Creating environment hook '/home/robotics/project_deskdash/lidar_ws/install/sllidar_ros2/share/sllidar_ros2/hook/cmake_prefix_path.sh'
[24.117s] Level 1:colcon.colcon_core.environment:checking '/home/robotics/project_deskdash/lidar_ws/install/sllidar_ros2/lib'
[24.118s] Level 1:colcon.colcon_core.environment:checking '/home/robotics/project_deskdash/lidar_ws/install/sllidar_ros2/bin'
[24.118s] Level 1:colcon.colcon_core.environment:checking '/home/robotics/project_deskdash/lidar_ws/install/sllidar_ros2/lib/pkgconfig/sllidar_ros2.pc'
[24.119s] Level 1:colcon.colcon_core.environment:checking '/home/robotics/project_deskdash/lidar_ws/install/sllidar_ros2/lib/python3.10/site-packages'
[24.120s] Level 1:colcon.colcon_core.environment:checking '/home/robotics/project_deskdash/lidar_ws/install/sllidar_ros2/bin'
[24.121s] INFO:colcon.colcon_core.shell:Creating package script '/home/robotics/project_deskdash/lidar_ws/install/sllidar_ros2/share/sllidar_ros2/package.ps1'
[24.124s] INFO:colcon.colcon_core.shell:Creating package descriptor '/home/robotics/project_deskdash/lidar_ws/install/sllidar_ros2/share/sllidar_ros2/package.dsv'
[24.125s] INFO:colcon.colcon_core.shell:Creating package script '/home/robotics/project_deskdash/lidar_ws/install/sllidar_ros2/share/sllidar_ros2/package.sh'
[24.126s] INFO:colcon.colcon_core.shell:Creating package script '/home/robotics/project_deskdash/lidar_ws/install/sllidar_ros2/share/sllidar_ros2/package.bash'
[24.128s] INFO:colcon.colcon_core.shell:Creating package script '/home/robotics/project_deskdash/lidar_ws/install/sllidar_ros2/share/sllidar_ros2/package.zsh'
[24.130s] Level 1:colcon.colcon_core.environment:create_file_with_runtime_dependencies(/home/robotics/project_deskdash/lidar_ws/install/sllidar_ros2/share/colcon-core/packages/sllidar_ros2)
[24.133s] Level 1:colcon.colcon_core.environment:create_environment_scripts_only(sllidar_ros2)
[24.134s] Level 1:colcon.colcon_core.environment:checking '/home/robotics/project_deskdash/lidar_ws/install/sllidar_ros2' for CMake module files
[24.135s] Level 1:colcon.colcon_core.environment:checking '/home/robotics/project_deskdash/lidar_ws/install/sllidar_ros2' for CMake config files
[24.137s] Level 1:colcon.colcon_core.shell:create_environment_hook('sllidar_ros2', 'cmake_prefix_path')
[24.138s] INFO:colcon.colcon_core.shell:Creating environment hook '/home/robotics/project_deskdash/lidar_ws/install/sllidar_ros2/share/sllidar_ros2/hook/cmake_prefix_path.ps1'
[24.139s] INFO:colcon.colcon_core.shell:Creating environment descriptor '/home/robotics/project_deskdash/lidar_ws/install/sllidar_ros2/share/sllidar_ros2/hook/cmake_prefix_path.dsv'
[24.140s] INFO:colcon.colcon_core.shell:Creating environment hook '/home/robotics/project_deskdash/lidar_ws/install/sllidar_ros2/share/sllidar_ros2/hook/cmake_prefix_path.sh'
[24.142s] Level 1:colcon.colcon_core.environment:checking '/home/robotics/project_deskdash/lidar_ws/install/sllidar_ros2/lib'
[24.142s] Level 1:colcon.colcon_core.environment:checking '/home/robotics/project_deskdash/lidar_ws/install/sllidar_ros2/bin'
[24.142s] Level 1:colcon.colcon_core.environment:checking '/home/robotics/project_deskdash/lidar_ws/install/sllidar_ros2/lib/pkgconfig/sllidar_ros2.pc'
[24.142s] Level 1:colcon.colcon_core.environment:checking '/home/robotics/project_deskdash/lidar_ws/install/sllidar_ros2/lib/python3.10/site-packages'
[24.143s] Level 1:colcon.colcon_core.environment:checking '/home/robotics/project_deskdash/lidar_ws/install/sllidar_ros2/bin'
[24.144s] INFO:colcon.colcon_core.shell:Creating package script '/home/robotics/project_deskdash/lidar_ws/install/sllidar_ros2/share/sllidar_ros2/package.ps1'
[24.145s] INFO:colcon.colcon_core.shell:Creating package descriptor '/home/robotics/project_deskdash/lidar_ws/install/sllidar_ros2/share/sllidar_ros2/package.dsv'
[24.145s] INFO:colcon.colcon_core.shell:Creating package script '/home/robotics/project_deskdash/lidar_ws/install/sllidar_ros2/share/sllidar_ros2/package.sh'
[24.147s] INFO:colcon.colcon_core.shell:Creating package script '/home/robotics/project_deskdash/lidar_ws/install/sllidar_ros2/share/sllidar_ros2/package.bash'
[24.148s] INFO:colcon.colcon_core.shell:Creating package script '/home/robotics/project_deskdash/lidar_ws/install/sllidar_ros2/share/sllidar_ros2/package.zsh'
[24.149s] Level 1:colcon.colcon_core.environment:create_file_with_runtime_dependencies(/home/robotics/project_deskdash/lidar_ws/install/sllidar_ros2/share/colcon-core/packages/sllidar_ros2)
[24.150s] DEBUG:colcon.colcon_parallel_executor.executor.parallel:closing loop
[24.151s] DEBUG:colcon.colcon_parallel_executor.executor.parallel:loop closed
[24.151s] DEBUG:colcon.colcon_parallel_executor.executor.parallel:run_until_complete finished with '0'
[24.151s] DEBUG:colcon.colcon_core.event_reactor:joining thread
[24.219s] INFO:colcon.colcon_core.plugin_system:Skipping extension 'colcon_notification.desktop_notification.terminal_notifier': Not used on non-Darwin systems
[24.219s] INFO:colcon.colcon_core.plugin_system:Skipping extension 'colcon_notification.desktop_notification.win32': Not used on non-Windows systems
[24.220s] INFO:colcon.colcon_notification.desktop_notification:Sending desktop notification using 'notify2'
[24.266s] DEBUG:colcon.colcon_core.event_reactor:joined thread
[24.267s] INFO:colcon.colcon_core.shell:Creating prefix script '/home/robotics/project_deskdash/lidar_ws/install/local_setup.ps1'
[24.270s] INFO:colcon.colcon_core.shell:Creating prefix util module '/home/robotics/project_deskdash/lidar_ws/install/_local_setup_util_ps1.py'
[24.274s] INFO:colcon.colcon_core.shell:Creating prefix chain script '/home/robotics/project_deskdash/lidar_ws/install/setup.ps1'
[24.277s] INFO:colcon.colcon_core.shell:Creating prefix script '/home/robotics/project_deskdash/lidar_ws/install/local_setup.sh'
[24.279s] INFO:colcon.colcon_core.shell:Creating prefix util module '/home/robotics/project_deskdash/lidar_ws/install/_local_setup_util_sh.py'
[24.281s] INFO:colcon.colcon_core.shell:Creating prefix chain script '/home/robotics/project_deskdash/lidar_ws/install/setup.sh'
[24.284s] INFO:colcon.colcon_core.shell:Creating prefix script '/home/robotics/project_deskdash/lidar_ws/install/local_setup.bash'
[24.286s] INFO:colcon.colcon_core.shell:Creating prefix chain script '/home/robotics/project_deskdash/lidar_ws/install/setup.bash'
[24.289s] INFO:colcon.colcon_core.shell:Creating prefix script '/home/robotics/project_deskdash/lidar_ws/install/local_setup.zsh'
[24.291s] INFO:colcon.colcon_core.shell:Creating prefix chain script '/home/robotics/project_deskdash/lidar_ws/install/setup.zsh'
