[0.211s] DEBUG:colcon:Command line arguments: ['/usr/bin/colcon', 'build', '--packages-up-to', 'micro_ros_agent', '--cmake-args', '-DUAGENT_BUILD_EXECUTABLE=OFF', '-DUAGENT_P2P_PROFILE=OFF', '--no-warn-unused-cli']
[0.211s] DEBUG:colcon:Parsed command line arguments: Namespace(log_base=None, log_level=None, verb_name='build', build_base='build', install_base='install', merge_install=False, symlink_install=False, test_result_base=None, continue_on_error=False, executor='parallel', parallel_workers=6, event_handlers=None, ignore_user_meta=False, metas=['./colcon.meta'], base_paths=['.'], packages_ignore=None, packages_ignore_regex=None, paths=None, packages_up_to=['micro_ros_agent'], packages_up_to_regex=None, packages_above=None, packages_above_and_dependencies=None, packages_above_depth=None, packages_select_by_dep=None, packages_skip_by_dep=None, packages_skip_up_to=None, packages_select_build_failed=False, packages_skip_build_finished=False, packages_select_test_failures=False, packages_skip_test_passed=False, packages_select=None, packages_skip=None, packages_select_regex=None, packages_skip_regex=None, packages_start=None, packages_end=None, allow_overriding=[], cmake_args=['-DUAGENT_BUILD_EXECUTABLE=OFF', '-DUAGENT_P2P_PROFILE=OFF', '--no-warn-unused-cli'], cmake_target=None, cmake_target_skip_unavailable=False, cmake_clean_cache=False, cmake_clean_first=False, cmake_force_configure=False, ament_cmake_args=None, catkin_cmake_args=None, catkin_skip_building_tests=False, verb_parser=<colcon_defaults.argument_parser.defaults.DefaultArgumentsDecorator object at 0xffffbb7ef7f0>, verb_extension=<colcon_core.verb.build.BuildVerb object at 0xffffbb9b8790>, main=<bound method BuildVerb.main of <colcon_core.verb.build.BuildVerb object at 0xffffbb9b8790>>)
[0.538s] Level 1:colcon.colcon_core.package_discovery:discover_packages(colcon_meta) check parameters
[0.538s] Level 1:colcon.colcon_core.package_discovery:discover_packages(recursive) check parameters
[0.539s] Level 1:colcon.colcon_core.package_discovery:discover_packages(ignore) check parameters
[0.539s] Level 1:colcon.colcon_core.package_discovery:discover_packages(path) check parameters
[0.539s] Level 1:colcon.colcon_core.package_discovery:discover_packages(colcon_meta) discover
[0.539s] Level 1:colcon.colcon_core.package_discovery:discover_packages(recursive) discover
[0.539s] INFO:colcon.colcon_core.package_discovery:Crawling recursively for packages in '/home/robotics/project_deskdash/microros_ws'
[0.539s] Level 1:colcon.colcon_core.package_identification:_identify(.) by extensions ['ignore', 'ignore_ament_install']
[0.540s] Level 1:colcon.colcon_core.package_identification:_identify(.) by extension 'ignore'
[0.540s] Level 1:colcon.colcon_core.package_identification:_identify(.) by extension 'ignore_ament_install'
[0.540s] Level 1:colcon.colcon_core.package_identification:_identify(.) by extensions ['colcon_pkg']
[0.540s] Level 1:colcon.colcon_core.package_identification:_identify(.) by extension 'colcon_pkg'
[0.540s] Level 1:colcon.colcon_core.package_identification:_identify(.) by extensions ['colcon_meta']
[0.540s] Level 1:colcon.colcon_core.package_identification:_identify(.) by extension 'colcon_meta'
[0.540s] Level 1:colcon.colcon_core.package_identification:_identify(.) by extensions ['ros']
[0.540s] Level 1:colcon.colcon_core.package_identification:_identify(.) by extension 'ros'
[0.563s] Level 1:colcon.colcon_core.package_identification:_identify(.) by extensions ['cmake', 'python']
[0.564s] Level 1:colcon.colcon_core.package_identification:_identify(.) by extension 'cmake'
[0.564s] Level 1:colcon.colcon_core.package_identification:_identify(.) by extension 'python'
[0.564s] Level 1:colcon.colcon_core.package_identification:_identify(.) by extensions ['python_setup_py']
[0.564s] Level 1:colcon.colcon_core.package_identification:_identify(.) by extension 'python_setup_py'
[0.564s] Level 1:colcon.colcon_core.package_identification:_identify(build) by extensions ['ignore', 'ignore_ament_install']
[0.565s] Level 1:colcon.colcon_core.package_identification:_identify(build) by extension 'ignore'
[0.565s] Level 1:colcon.colcon_core.package_identification:_identify(build) ignored
[0.565s] Level 1:colcon.colcon_core.package_identification:_identify(install) by extensions ['ignore', 'ignore_ament_install']
[0.565s] Level 1:colcon.colcon_core.package_identification:_identify(install) by extension 'ignore'
[0.565s] Level 1:colcon.colcon_core.package_identification:_identify(install) ignored
[0.566s] Level 1:colcon.colcon_core.package_identification:_identify(log) by extensions ['ignore', 'ignore_ament_install']
[0.566s] Level 1:colcon.colcon_core.package_identification:_identify(log) by extension 'ignore'
[0.566s] Level 1:colcon.colcon_core.package_identification:_identify(log) ignored
[0.566s] Level 1:colcon.colcon_core.package_identification:_identify(src) by extensions ['ignore', 'ignore_ament_install']
[0.566s] Level 1:colcon.colcon_core.package_identification:_identify(src) by extension 'ignore'
[0.566s] Level 1:colcon.colcon_core.package_identification:_identify(src) by extension 'ignore_ament_install'
[0.566s] Level 1:colcon.colcon_core.package_identification:_identify(src) by extensions ['colcon_pkg']
[0.566s] Level 1:colcon.colcon_core.package_identification:_identify(src) by extension 'colcon_pkg'
[0.566s] Level 1:colcon.colcon_core.package_identification:_identify(src) by extensions ['colcon_meta']
[0.567s] Level 1:colcon.colcon_core.package_identification:_identify(src) by extension 'colcon_meta'
[0.567s] Level 1:colcon.colcon_core.package_identification:_identify(src) by extensions ['ros']
[0.567s] Level 1:colcon.colcon_core.package_identification:_identify(src) by extension 'ros'
[0.567s] Level 1:colcon.colcon_core.package_identification:_identify(src) by extensions ['cmake', 'python']
[0.567s] Level 1:colcon.colcon_core.package_identification:_identify(src) by extension 'cmake'
[0.567s] Level 1:colcon.colcon_core.package_identification:_identify(src) by extension 'python'
[0.567s] Level 1:colcon.colcon_core.package_identification:_identify(src) by extensions ['python_setup_py']
[0.567s] Level 1:colcon.colcon_core.package_identification:_identify(src) by extension 'python_setup_py'
[0.567s] Level 1:colcon.colcon_core.package_identification:_identify(src/micro_ros_setup) by extensions ['ignore', 'ignore_ament_install']
[0.568s] Level 1:colcon.colcon_core.package_identification:_identify(src/micro_ros_setup) by extension 'ignore'
[0.568s] Level 1:colcon.colcon_core.package_identification:_identify(src/micro_ros_setup) by extension 'ignore_ament_install'
[0.568s] Level 1:colcon.colcon_core.package_identification:_identify(src/micro_ros_setup) by extensions ['colcon_pkg']
[0.568s] Level 1:colcon.colcon_core.package_identification:_identify(src/micro_ros_setup) by extension 'colcon_pkg'
[0.568s] Level 1:colcon.colcon_core.package_identification:_identify(src/micro_ros_setup) by extensions ['colcon_meta']
[0.568s] Level 1:colcon.colcon_core.package_identification:_identify(src/micro_ros_setup) by extension 'colcon_meta'
[0.568s] Level 1:colcon.colcon_core.package_identification:_identify(src/micro_ros_setup) by extensions ['ros']
[0.568s] Level 1:colcon.colcon_core.package_identification:_identify(src/micro_ros_setup) by extension 'ros'
[0.573s] DEBUG:colcon.colcon_core.package_identification:Package 'src/micro_ros_setup' with type 'ros.ament_cmake' and name 'micro_ros_setup'
[0.574s] Level 1:colcon.colcon_core.package_identification:_identify(src/uros) by extensions ['ignore', 'ignore_ament_install']
[0.574s] Level 1:colcon.colcon_core.package_identification:_identify(src/uros) by extension 'ignore'
[0.574s] Level 1:colcon.colcon_core.package_identification:_identify(src/uros) by extension 'ignore_ament_install'
[0.574s] Level 1:colcon.colcon_core.package_identification:_identify(src/uros) by extensions ['colcon_pkg']
[0.574s] Level 1:colcon.colcon_core.package_identification:_identify(src/uros) by extension 'colcon_pkg'
[0.574s] Level 1:colcon.colcon_core.package_identification:_identify(src/uros) by extensions ['colcon_meta']
[0.574s] Level 1:colcon.colcon_core.package_identification:_identify(src/uros) by extension 'colcon_meta'
[0.574s] Level 1:colcon.colcon_core.package_identification:_identify(src/uros) by extensions ['ros']
[0.575s] Level 1:colcon.colcon_core.package_identification:_identify(src/uros) by extension 'ros'
[0.575s] Level 1:colcon.colcon_core.package_identification:_identify(src/uros) by extensions ['cmake', 'python']
[0.575s] Level 1:colcon.colcon_core.package_identification:_identify(src/uros) by extension 'cmake'
[0.575s] Level 1:colcon.colcon_core.package_identification:_identify(src/uros) by extension 'python'
[0.575s] Level 1:colcon.colcon_core.package_identification:_identify(src/uros) by extensions ['python_setup_py']
[0.575s] Level 1:colcon.colcon_core.package_identification:_identify(src/uros) by extension 'python_setup_py'
[0.575s] Level 1:colcon.colcon_core.package_identification:_identify(src/uros/micro-ROS-Agent) by extensions ['ignore', 'ignore_ament_install']
[0.575s] Level 1:colcon.colcon_core.package_identification:_identify(src/uros/micro-ROS-Agent) by extension 'ignore'
[0.576s] Level 1:colcon.colcon_core.package_identification:_identify(src/uros/micro-ROS-Agent) by extension 'ignore_ament_install'
[0.576s] Level 1:colcon.colcon_core.package_identification:_identify(src/uros/micro-ROS-Agent) by extensions ['colcon_pkg']
[0.576s] Level 1:colcon.colcon_core.package_identification:_identify(src/uros/micro-ROS-Agent) by extension 'colcon_pkg'
[0.576s] Level 1:colcon.colcon_core.package_identification:_identify(src/uros/micro-ROS-Agent) by extensions ['colcon_meta']
[0.576s] Level 1:colcon.colcon_core.package_identification:_identify(src/uros/micro-ROS-Agent) by extension 'colcon_meta'
[0.576s] Level 1:colcon.colcon_core.package_identification:_identify(src/uros/micro-ROS-Agent) by extensions ['ros']
[0.576s] Level 1:colcon.colcon_core.package_identification:_identify(src/uros/micro-ROS-Agent) by extension 'ros'
[0.576s] Level 1:colcon.colcon_core.package_identification:_identify(src/uros/micro-ROS-Agent) by extensions ['cmake', 'python']
[0.576s] Level 1:colcon.colcon_core.package_identification:_identify(src/uros/micro-ROS-Agent) by extension 'cmake'
[0.576s] Level 1:colcon.colcon_core.package_identification:_identify(src/uros/micro-ROS-Agent) by extension 'python'
[0.577s] Level 1:colcon.colcon_core.package_identification:_identify(src/uros/micro-ROS-Agent) by extensions ['python_setup_py']
[0.577s] Level 1:colcon.colcon_core.package_identification:_identify(src/uros/micro-ROS-Agent) by extension 'python_setup_py'
[0.577s] Level 1:colcon.colcon_core.package_identification:_identify(src/uros/micro-ROS-Agent/micro_ros_agent) by extensions ['ignore', 'ignore_ament_install']
[0.577s] Level 1:colcon.colcon_core.package_identification:_identify(src/uros/micro-ROS-Agent/micro_ros_agent) by extension 'ignore'
[0.577s] Level 1:colcon.colcon_core.package_identification:_identify(src/uros/micro-ROS-Agent/micro_ros_agent) by extension 'ignore_ament_install'
[0.577s] Level 1:colcon.colcon_core.package_identification:_identify(src/uros/micro-ROS-Agent/micro_ros_agent) by extensions ['colcon_pkg']
[0.577s] Level 1:colcon.colcon_core.package_identification:_identify(src/uros/micro-ROS-Agent/micro_ros_agent) by extension 'colcon_pkg'
[0.577s] Level 1:colcon.colcon_core.package_identification:_identify(src/uros/micro-ROS-Agent/micro_ros_agent) by extensions ['colcon_meta']
[0.577s] Level 1:colcon.colcon_core.package_identification:_identify(src/uros/micro-ROS-Agent/micro_ros_agent) by extension 'colcon_meta'
[0.578s] Level 1:colcon.colcon_core.package_identification:_identify(src/uros/micro-ROS-Agent/micro_ros_agent) by extensions ['ros']
[0.578s] Level 1:colcon.colcon_core.package_identification:_identify(src/uros/micro-ROS-Agent/micro_ros_agent) by extension 'ros'
[0.580s] DEBUG:colcon.colcon_core.package_identification:Package 'src/uros/micro-ROS-Agent/micro_ros_agent' with type 'ros.ament_cmake' and name 'micro_ros_agent'
[0.580s] Level 1:colcon.colcon_core.package_identification:_identify(src/uros/micro-ROS-Agent/snap) by extensions ['ignore', 'ignore_ament_install']
[0.580s] Level 1:colcon.colcon_core.package_identification:_identify(src/uros/micro-ROS-Agent/snap) by extension 'ignore'
[0.580s] Level 1:colcon.colcon_core.package_identification:_identify(src/uros/micro-ROS-Agent/snap) by extension 'ignore_ament_install'
[0.580s] Level 1:colcon.colcon_core.package_identification:_identify(src/uros/micro-ROS-Agent/snap) by extensions ['colcon_pkg']
[0.580s] Level 1:colcon.colcon_core.package_identification:_identify(src/uros/micro-ROS-Agent/snap) by extension 'colcon_pkg'
[0.581s] Level 1:colcon.colcon_core.package_identification:_identify(src/uros/micro-ROS-Agent/snap) by extensions ['colcon_meta']
[0.581s] Level 1:colcon.colcon_core.package_identification:_identify(src/uros/micro-ROS-Agent/snap) by extension 'colcon_meta'
[0.581s] Level 1:colcon.colcon_core.package_identification:_identify(src/uros/micro-ROS-Agent/snap) by extensions ['ros']
[0.581s] Level 1:colcon.colcon_core.package_identification:_identify(src/uros/micro-ROS-Agent/snap) by extension 'ros'
[0.581s] Level 1:colcon.colcon_core.package_identification:_identify(src/uros/micro-ROS-Agent/snap) by extensions ['cmake', 'python']
[0.581s] Level 1:colcon.colcon_core.package_identification:_identify(src/uros/micro-ROS-Agent/snap) by extension 'cmake'
[0.581s] Level 1:colcon.colcon_core.package_identification:_identify(src/uros/micro-ROS-Agent/snap) by extension 'python'
[0.581s] Level 1:colcon.colcon_core.package_identification:_identify(src/uros/micro-ROS-Agent/snap) by extensions ['python_setup_py']
[0.581s] Level 1:colcon.colcon_core.package_identification:_identify(src/uros/micro-ROS-Agent/snap) by extension 'python_setup_py'
[0.582s] Level 1:colcon.colcon_core.package_identification:_identify(src/uros/micro-ROS-Agent/snap/hooks) by extensions ['ignore', 'ignore_ament_install']
[0.582s] Level 1:colcon.colcon_core.package_identification:_identify(src/uros/micro-ROS-Agent/snap/hooks) by extension 'ignore'
[0.582s] Level 1:colcon.colcon_core.package_identification:_identify(src/uros/micro-ROS-Agent/snap/hooks) by extension 'ignore_ament_install'
[0.582s] Level 1:colcon.colcon_core.package_identification:_identify(src/uros/micro-ROS-Agent/snap/hooks) by extensions ['colcon_pkg']
[0.582s] Level 1:colcon.colcon_core.package_identification:_identify(src/uros/micro-ROS-Agent/snap/hooks) by extension 'colcon_pkg'
[0.582s] Level 1:colcon.colcon_core.package_identification:_identify(src/uros/micro-ROS-Agent/snap/hooks) by extensions ['colcon_meta']
[0.582s] Level 1:colcon.colcon_core.package_identification:_identify(src/uros/micro-ROS-Agent/snap/hooks) by extension 'colcon_meta'
[0.582s] Level 1:colcon.colcon_core.package_identification:_identify(src/uros/micro-ROS-Agent/snap/hooks) by extensions ['ros']
[0.583s] Level 1:colcon.colcon_core.package_identification:_identify(src/uros/micro-ROS-Agent/snap/hooks) by extension 'ros'
[0.583s] Level 1:colcon.colcon_core.package_identification:_identify(src/uros/micro-ROS-Agent/snap/hooks) by extensions ['cmake', 'python']
[0.583s] Level 1:colcon.colcon_core.package_identification:_identify(src/uros/micro-ROS-Agent/snap/hooks) by extension 'cmake'
[0.583s] Level 1:colcon.colcon_core.package_identification:_identify(src/uros/micro-ROS-Agent/snap/hooks) by extension 'python'
[0.583s] Level 1:colcon.colcon_core.package_identification:_identify(src/uros/micro-ROS-Agent/snap/hooks) by extensions ['python_setup_py']
[0.583s] Level 1:colcon.colcon_core.package_identification:_identify(src/uros/micro-ROS-Agent/snap/hooks) by extension 'python_setup_py'
[0.583s] Level 1:colcon.colcon_core.package_identification:_identify(src/uros/micro-ROS-Agent/snap/local) by extensions ['ignore', 'ignore_ament_install']
[0.583s] Level 1:colcon.colcon_core.package_identification:_identify(src/uros/micro-ROS-Agent/snap/local) by extension 'ignore'
[0.584s] Level 1:colcon.colcon_core.package_identification:_identify(src/uros/micro-ROS-Agent/snap/local) by extension 'ignore_ament_install'
[0.584s] Level 1:colcon.colcon_core.package_identification:_identify(src/uros/micro-ROS-Agent/snap/local) by extensions ['colcon_pkg']
[0.584s] Level 1:colcon.colcon_core.package_identification:_identify(src/uros/micro-ROS-Agent/snap/local) by extension 'colcon_pkg'
[0.584s] Level 1:colcon.colcon_core.package_identification:_identify(src/uros/micro-ROS-Agent/snap/local) by extensions ['colcon_meta']
[0.584s] Level 1:colcon.colcon_core.package_identification:_identify(src/uros/micro-ROS-Agent/snap/local) by extension 'colcon_meta'
[0.584s] Level 1:colcon.colcon_core.package_identification:_identify(src/uros/micro-ROS-Agent/snap/local) by extensions ['ros']
[0.584s] Level 1:colcon.colcon_core.package_identification:_identify(src/uros/micro-ROS-Agent/snap/local) by extension 'ros'
[0.584s] Level 1:colcon.colcon_core.package_identification:_identify(src/uros/micro-ROS-Agent/snap/local) by extensions ['cmake', 'python']
[0.584s] Level 1:colcon.colcon_core.package_identification:_identify(src/uros/micro-ROS-Agent/snap/local) by extension 'cmake'
[0.584s] Level 1:colcon.colcon_core.package_identification:_identify(src/uros/micro-ROS-Agent/snap/local) by extension 'python'
[0.584s] Level 1:colcon.colcon_core.package_identification:_identify(src/uros/micro-ROS-Agent/snap/local) by extensions ['python_setup_py']
[0.585s] Level 1:colcon.colcon_core.package_identification:_identify(src/uros/micro-ROS-Agent/snap/local) by extension 'python_setup_py'
[0.585s] Level 1:colcon.colcon_core.package_identification:_identify(src/uros/micro_ros_msgs) by extensions ['ignore', 'ignore_ament_install']
[0.585s] Level 1:colcon.colcon_core.package_identification:_identify(src/uros/micro_ros_msgs) by extension 'ignore'
[0.585s] Level 1:colcon.colcon_core.package_identification:_identify(src/uros/micro_ros_msgs) by extension 'ignore_ament_install'
[0.585s] Level 1:colcon.colcon_core.package_identification:_identify(src/uros/micro_ros_msgs) by extensions ['colcon_pkg']
[0.585s] Level 1:colcon.colcon_core.package_identification:_identify(src/uros/micro_ros_msgs) by extension 'colcon_pkg'
[0.585s] Level 1:colcon.colcon_core.package_identification:_identify(src/uros/micro_ros_msgs) by extensions ['colcon_meta']
[0.585s] Level 1:colcon.colcon_core.package_identification:_identify(src/uros/micro_ros_msgs) by extension 'colcon_meta'
[0.585s] Level 1:colcon.colcon_core.package_identification:_identify(src/uros/micro_ros_msgs) by extensions ['ros']
[0.586s] Level 1:colcon.colcon_core.package_identification:_identify(src/uros/micro_ros_msgs) by extension 'ros'
[0.587s] DEBUG:colcon.colcon_core.package_identification:Package 'src/uros/micro_ros_msgs' with type 'ros.ament_cmake' and name 'micro_ros_msgs'
[0.587s] Level 1:colcon.colcon_core.package_discovery:discover_packages(recursive) using defaults
[0.587s] Level 1:colcon.colcon_core.package_discovery:discover_packages(ignore) discover
[0.587s] Level 1:colcon.colcon_core.package_discovery:discover_packages(ignore) using defaults
[0.587s] Level 1:colcon.colcon_core.package_discovery:discover_packages(path) discover
[0.587s] Level 1:colcon.colcon_core.package_discovery:discover_packages(path) using defaults
[0.625s] INFO:colcon.colcon_core.package_selection:Skipping package 'micro_ros_setup' in 'src/micro_ros_setup'
[0.626s] Level 1:colcon.colcon_core.package_discovery:discover_packages(prefix_path) check parameters
[0.626s] Level 1:colcon.colcon_core.package_discovery:discover_packages(prefix_path) discover
[0.630s] DEBUG:colcon.colcon_installed_package_information.package_discovery:Found 1 installed packages in /home/robotics/project_deskdash/microros_ws/install
[0.632s] DEBUG:colcon.colcon_installed_package_information.package_discovery:Found 271 installed packages in /opt/ros/humble
[0.636s] Level 1:colcon.colcon_core.package_discovery:discover_packages(prefix_path) using defaults
[0.739s] Level 5:colcon.colcon_core.verb:set package 'micro_ros_msgs' build argument 'cmake_args' from command line to '['-DUAGENT_BUILD_EXECUTABLE=OFF', '-DUAGENT_P2P_PROFILE=OFF', '--no-warn-unused-cli']'
[0.739s] Level 5:colcon.colcon_core.verb:set package 'micro_ros_msgs' build argument 'cmake_target' from command line to 'None'
[0.739s] Level 5:colcon.colcon_core.verb:set package 'micro_ros_msgs' build argument 'cmake_target_skip_unavailable' from command line to 'False'
[0.739s] Level 5:colcon.colcon_core.verb:set package 'micro_ros_msgs' build argument 'cmake_clean_cache' from command line to 'False'
[0.739s] Level 5:colcon.colcon_core.verb:set package 'micro_ros_msgs' build argument 'cmake_clean_first' from command line to 'False'
[0.739s] Level 5:colcon.colcon_core.verb:set package 'micro_ros_msgs' build argument 'cmake_force_configure' from command line to 'False'
[0.739s] Level 5:colcon.colcon_core.verb:set package 'micro_ros_msgs' build argument 'ament_cmake_args' from command line to 'None'
[0.739s] Level 5:colcon.colcon_core.verb:set package 'micro_ros_msgs' build argument 'catkin_cmake_args' from command line to 'None'
[0.740s] Level 5:colcon.colcon_core.verb:set package 'micro_ros_msgs' build argument 'catkin_skip_building_tests' from command line to 'False'
[0.740s] DEBUG:colcon.colcon_core.verb:Building package 'micro_ros_msgs' with the following arguments: {'ament_cmake_args': None, 'build_base': '/home/robotics/project_deskdash/microros_ws/build/micro_ros_msgs', 'catkin_cmake_args': None, 'catkin_skip_building_tests': False, 'cmake_args': ['-DUAGENT_BUILD_EXECUTABLE=OFF', '-DUAGENT_P2P_PROFILE=OFF', '--no-warn-unused-cli'], 'cmake_clean_cache': False, 'cmake_clean_first': False, 'cmake_force_configure': False, 'cmake_target': None, 'cmake_target_skip_unavailable': False, 'install_base': '/home/robotics/project_deskdash/microros_ws/install/micro_ros_msgs', 'merge_install': False, 'path': '/home/robotics/project_deskdash/microros_ws/src/uros/micro_ros_msgs', 'symlink_install': False, 'test_result_base': None}
[0.740s] Level 5:colcon.colcon_core.verb:set package 'micro_ros_agent' build argument 'cmake_args' from command line to '['-DUAGENT_BUILD_EXECUTABLE=OFF', '-DUAGENT_P2P_PROFILE=OFF', '--no-warn-unused-cli']'
[0.740s] Level 5:colcon.colcon_core.verb:set package 'micro_ros_agent' build argument 'cmake_target' from command line to 'None'
[0.740s] Level 5:colcon.colcon_core.verb:set package 'micro_ros_agent' build argument 'cmake_target_skip_unavailable' from command line to 'False'
[0.740s] Level 5:colcon.colcon_core.verb:set package 'micro_ros_agent' build argument 'cmake_clean_cache' from command line to 'False'
[0.741s] Level 5:colcon.colcon_core.verb:set package 'micro_ros_agent' build argument 'cmake_clean_first' from command line to 'False'
[0.741s] Level 5:colcon.colcon_core.verb:set package 'micro_ros_agent' build argument 'cmake_force_configure' from command line to 'False'
[0.741s] Level 5:colcon.colcon_core.verb:set package 'micro_ros_agent' build argument 'ament_cmake_args' from command line to 'None'
[0.741s] Level 5:colcon.colcon_core.verb:set package 'micro_ros_agent' build argument 'catkin_cmake_args' from command line to 'None'
[0.741s] Level 5:colcon.colcon_core.verb:set package 'micro_ros_agent' build argument 'catkin_skip_building_tests' from command line to 'False'
[0.741s] DEBUG:colcon.colcon_core.verb:Building package 'micro_ros_agent' with the following arguments: {'ament_cmake_args': None, 'build_base': '/home/robotics/project_deskdash/microros_ws/build/micro_ros_agent', 'catkin_cmake_args': None, 'catkin_skip_building_tests': False, 'cmake_args': ['-DUAGENT_BUILD_EXECUTABLE=OFF', '-DUAGENT_P2P_PROFILE=OFF', '--no-warn-unused-cli'], 'cmake_clean_cache': False, 'cmake_clean_first': False, 'cmake_force_configure': False, 'cmake_target': None, 'cmake_target_skip_unavailable': False, 'install_base': '/home/robotics/project_deskdash/microros_ws/install/micro_ros_agent', 'merge_install': False, 'path': '/home/robotics/project_deskdash/microros_ws/src/uros/micro-ROS-Agent/micro_ros_agent', 'symlink_install': False, 'test_result_base': None}
[0.741s] INFO:colcon.colcon_core.executor:Executing jobs using 'parallel' executor
[0.744s] DEBUG:colcon.colcon_parallel_executor.executor.parallel:run_until_complete
[0.744s] INFO:colcon.colcon_ros.task.ament_cmake.build:Building ROS package in '/home/robotics/project_deskdash/microros_ws/src/uros/micro_ros_msgs' with build type 'ament_cmake'
[0.744s] INFO:colcon.colcon_cmake.task.cmake.build:Building CMake package in '/home/robotics/project_deskdash/microros_ws/src/uros/micro_ros_msgs'
[0.748s] INFO:colcon.colcon_core.plugin_system:Skipping extension 'colcon_core.shell.bat': Not used on non-Windows systems
[0.749s] INFO:colcon.colcon_core.shell:Skip shell extension 'powershell' for command environment: Not usable outside of PowerShell
[0.749s] DEBUG:colcon.colcon_core.shell:Skip shell extension 'dsv' for command environment
[0.766s] DEBUG:colcon.colcon_core.event_handler.log_command:Invoking command in '/home/robotics/project_deskdash/microros_ws/build/micro_ros_msgs': CMAKE_PREFIX_PATH=${CMAKE_PREFIX_PATH}:/opt/ros/humble /usr/bin/cmake /home/robotics/project_deskdash/microros_ws/src/uros/micro_ros_msgs -DUAGENT_BUILD_EXECUTABLE=OFF -DUAGENT_P2P_PROFILE=OFF --no-warn-unused-cli -DCMAKE_INSTALL_PREFIX=/home/robotics/project_deskdash/microros_ws/install/micro_ros_msgs
[4.002s] DEBUG:colcon.colcon_core.event_handler.log_command:Invoked command in '/home/robotics/project_deskdash/microros_ws/build/micro_ros_msgs' returned '0': CMAKE_PREFIX_PATH=${CMAKE_PREFIX_PATH}:/opt/ros/humble /usr/bin/cmake /home/robotics/project_deskdash/microros_ws/src/uros/micro_ros_msgs -DUAGENT_BUILD_EXECUTABLE=OFF -DUAGENT_P2P_PROFILE=OFF --no-warn-unused-cli -DCMAKE_INSTALL_PREFIX=/home/robotics/project_deskdash/microros_ws/install/micro_ros_msgs
[4.007s] DEBUG:colcon.colcon_core.event_handler.log_command:Invoking command in '/home/robotics/project_deskdash/microros_ws/build/micro_ros_msgs': CMAKE_PREFIX_PATH=${CMAKE_PREFIX_PATH}:/opt/ros/humble /usr/bin/cmake --build /home/robotics/project_deskdash/microros_ws/build/micro_ros_msgs -- -j6 -l6
[10.295s] DEBUG:colcon.colcon_core.event_handler.log_command:Invoked command in '/home/robotics/project_deskdash/microros_ws/build/micro_ros_msgs' returned '0': CMAKE_PREFIX_PATH=${CMAKE_PREFIX_PATH}:/opt/ros/humble /usr/bin/cmake --build /home/robotics/project_deskdash/microros_ws/build/micro_ros_msgs -- -j6 -l6
[10.318s] DEBUG:colcon.colcon_core.event_handler.log_command:Invoking command in '/home/robotics/project_deskdash/microros_ws/build/micro_ros_msgs': CMAKE_PREFIX_PATH=${CMAKE_PREFIX_PATH}:/opt/ros/humble /usr/bin/cmake --install /home/robotics/project_deskdash/microros_ws/build/micro_ros_msgs
[10.467s] Level 1:colcon.colcon_core.environment:create_environment_scripts_only(micro_ros_msgs)
[10.469s] DEBUG:colcon.colcon_core.event_handler.log_command:Invoked command in '/home/robotics/project_deskdash/microros_ws/build/micro_ros_msgs' returned '0': CMAKE_PREFIX_PATH=${CMAKE_PREFIX_PATH}:/opt/ros/humble /usr/bin/cmake --install /home/robotics/project_deskdash/microros_ws/build/micro_ros_msgs
[10.476s] Level 1:colcon.colcon_core.environment:checking '/home/robotics/project_deskdash/microros_ws/install/micro_ros_msgs' for CMake module files
[10.477s] Level 1:colcon.colcon_core.environment:checking '/home/robotics/project_deskdash/microros_ws/install/micro_ros_msgs' for CMake config files
[10.480s] Level 1:colcon.colcon_core.shell:create_environment_hook('micro_ros_msgs', 'cmake_prefix_path')
[10.481s] INFO:colcon.colcon_core.shell:Creating environment hook '/home/robotics/project_deskdash/microros_ws/install/micro_ros_msgs/share/micro_ros_msgs/hook/cmake_prefix_path.ps1'
[10.483s] INFO:colcon.colcon_core.shell:Creating environment descriptor '/home/robotics/project_deskdash/microros_ws/install/micro_ros_msgs/share/micro_ros_msgs/hook/cmake_prefix_path.dsv'
[10.485s] INFO:colcon.colcon_core.shell:Creating environment hook '/home/robotics/project_deskdash/microros_ws/install/micro_ros_msgs/share/micro_ros_msgs/hook/cmake_prefix_path.sh'
[10.488s] Level 1:colcon.colcon_core.environment:checking '/home/robotics/project_deskdash/microros_ws/install/micro_ros_msgs/lib'
[10.489s] Level 1:colcon.colcon_core.shell:create_environment_hook('micro_ros_msgs', 'ld_library_path_lib')
[10.489s] INFO:colcon.colcon_core.shell:Creating environment hook '/home/robotics/project_deskdash/microros_ws/install/micro_ros_msgs/share/micro_ros_msgs/hook/ld_library_path_lib.ps1'
[10.491s] INFO:colcon.colcon_core.shell:Creating environment descriptor '/home/robotics/project_deskdash/microros_ws/install/micro_ros_msgs/share/micro_ros_msgs/hook/ld_library_path_lib.dsv'
[10.492s] INFO:colcon.colcon_core.shell:Creating environment hook '/home/robotics/project_deskdash/microros_ws/install/micro_ros_msgs/share/micro_ros_msgs/hook/ld_library_path_lib.sh'
[10.493s] Level 1:colcon.colcon_core.environment:checking '/home/robotics/project_deskdash/microros_ws/install/micro_ros_msgs/bin'
[10.494s] Level 1:colcon.colcon_core.environment:checking '/home/robotics/project_deskdash/microros_ws/install/micro_ros_msgs/lib/pkgconfig/micro_ros_msgs.pc'
[10.495s] Level 1:colcon.colcon_core.environment:checking '/home/robotics/project_deskdash/microros_ws/install/micro_ros_msgs/lib/python3.10/site-packages'
[10.495s] Level 1:colcon.colcon_core.environment:checking '/home/robotics/project_deskdash/microros_ws/install/micro_ros_msgs/bin'
[10.496s] INFO:colcon.colcon_core.shell:Creating package script '/home/robotics/project_deskdash/microros_ws/install/micro_ros_msgs/share/micro_ros_msgs/package.ps1'
[10.498s] INFO:colcon.colcon_core.shell:Creating package descriptor '/home/robotics/project_deskdash/microros_ws/install/micro_ros_msgs/share/micro_ros_msgs/package.dsv'
[10.500s] INFO:colcon.colcon_core.shell:Creating package script '/home/robotics/project_deskdash/microros_ws/install/micro_ros_msgs/share/micro_ros_msgs/package.sh'
[10.502s] INFO:colcon.colcon_core.shell:Creating package script '/home/robotics/project_deskdash/microros_ws/install/micro_ros_msgs/share/micro_ros_msgs/package.bash'
[10.504s] INFO:colcon.colcon_core.shell:Creating package script '/home/robotics/project_deskdash/microros_ws/install/micro_ros_msgs/share/micro_ros_msgs/package.zsh'
[10.506s] Level 1:colcon.colcon_core.environment:create_file_with_runtime_dependencies(/home/robotics/project_deskdash/microros_ws/install/micro_ros_msgs/share/colcon-core/packages/micro_ros_msgs)
[10.508s] Level 1:colcon.colcon_core.environment:create_environment_scripts_only(micro_ros_msgs)
[10.509s] Level 1:colcon.colcon_core.environment:checking '/home/robotics/project_deskdash/microros_ws/install/micro_ros_msgs' for CMake module files
[10.511s] Level 1:colcon.colcon_core.environment:checking '/home/robotics/project_deskdash/microros_ws/install/micro_ros_msgs' for CMake config files
[10.513s] Level 1:colcon.colcon_core.shell:create_environment_hook('micro_ros_msgs', 'cmake_prefix_path')
[10.514s] INFO:colcon.colcon_core.shell:Creating environment hook '/home/robotics/project_deskdash/microros_ws/install/micro_ros_msgs/share/micro_ros_msgs/hook/cmake_prefix_path.ps1'
[10.515s] INFO:colcon.colcon_core.shell:Creating environment descriptor '/home/robotics/project_deskdash/microros_ws/install/micro_ros_msgs/share/micro_ros_msgs/hook/cmake_prefix_path.dsv'
[10.517s] INFO:colcon.colcon_core.shell:Creating environment hook '/home/robotics/project_deskdash/microros_ws/install/micro_ros_msgs/share/micro_ros_msgs/hook/cmake_prefix_path.sh'
[10.518s] Level 1:colcon.colcon_core.environment:checking '/home/robotics/project_deskdash/microros_ws/install/micro_ros_msgs/lib'
[10.519s] Level 1:colcon.colcon_core.shell:create_environment_hook('micro_ros_msgs', 'ld_library_path_lib')
[10.519s] INFO:colcon.colcon_core.shell:Creating environment hook '/home/robotics/project_deskdash/microros_ws/install/micro_ros_msgs/share/micro_ros_msgs/hook/ld_library_path_lib.ps1'
[10.521s] INFO:colcon.colcon_core.shell:Creating environment descriptor '/home/robotics/project_deskdash/microros_ws/install/micro_ros_msgs/share/micro_ros_msgs/hook/ld_library_path_lib.dsv'
[10.521s] INFO:colcon.colcon_core.shell:Creating environment hook '/home/robotics/project_deskdash/microros_ws/install/micro_ros_msgs/share/micro_ros_msgs/hook/ld_library_path_lib.sh'
[10.522s] Level 1:colcon.colcon_core.environment:checking '/home/robotics/project_deskdash/microros_ws/install/micro_ros_msgs/bin'
[10.522s] Level 1:colcon.colcon_core.environment:checking '/home/robotics/project_deskdash/microros_ws/install/micro_ros_msgs/lib/pkgconfig/micro_ros_msgs.pc'
[10.523s] Level 1:colcon.colcon_core.environment:checking '/home/robotics/project_deskdash/microros_ws/install/micro_ros_msgs/lib/python3.10/site-packages'
[10.524s] Level 1:colcon.colcon_core.environment:checking '/home/robotics/project_deskdash/microros_ws/install/micro_ros_msgs/bin'
[10.525s] INFO:colcon.colcon_core.shell:Creating package script '/home/robotics/project_deskdash/microros_ws/install/micro_ros_msgs/share/micro_ros_msgs/package.ps1'
[10.526s] INFO:colcon.colcon_core.shell:Creating package descriptor '/home/robotics/project_deskdash/microros_ws/install/micro_ros_msgs/share/micro_ros_msgs/package.dsv'
[10.527s] INFO:colcon.colcon_core.shell:Creating package script '/home/robotics/project_deskdash/microros_ws/install/micro_ros_msgs/share/micro_ros_msgs/package.sh'
[10.529s] INFO:colcon.colcon_core.shell:Creating package script '/home/robotics/project_deskdash/microros_ws/install/micro_ros_msgs/share/micro_ros_msgs/package.bash'
[10.529s] INFO:colcon.colcon_core.shell:Creating package script '/home/robotics/project_deskdash/microros_ws/install/micro_ros_msgs/share/micro_ros_msgs/package.zsh'
[10.530s] Level 1:colcon.colcon_core.environment:create_file_with_runtime_dependencies(/home/robotics/project_deskdash/microros_ws/install/micro_ros_msgs/share/colcon-core/packages/micro_ros_msgs)
[10.531s] INFO:colcon.colcon_ros.task.ament_cmake.build:Building ROS package in '/home/robotics/project_deskdash/microros_ws/src/uros/micro-ROS-Agent/micro_ros_agent' with build type 'ament_cmake'
[10.532s] INFO:colcon.colcon_cmake.task.cmake.build:Building CMake package in '/home/robotics/project_deskdash/microros_ws/src/uros/micro-ROS-Agent/micro_ros_agent'
[10.532s] INFO:colcon.colcon_core.shell:Skip shell extension 'powershell' for command environment: Not usable outside of PowerShell
[10.532s] DEBUG:colcon.colcon_core.shell:Skip shell extension 'dsv' for command environment
[10.554s] DEBUG:colcon.colcon_core.event_handler.log_command:Invoking command in '/home/robotics/project_deskdash/microros_ws/build/micro_ros_agent': AMENT_PREFIX_PATH=/home/robotics/project_deskdash/microros_ws/install/micro_ros_msgs:${AMENT_PREFIX_PATH} CMAKE_PREFIX_PATH=/home/robotics/project_deskdash/microros_ws/install/micro_ros_msgs:/home/robotics/project_deskdash/microros_ws/install/micro_ros_setup:/opt/ros/humble LD_LIBRARY_PATH=/home/robotics/project_deskdash/microros_ws/install/micro_ros_msgs/lib:/opt/ros/humble/opt/rviz_ogre_vendor/lib:/opt/ros/humble/lib/aarch64-linux-gnu:/opt/ros/humble/lib:/usr/local/cuda-12.6/lib64 PYTHONPATH=/home/robotics/project_deskdash/microros_ws/install/micro_ros_msgs/local/lib/python3.10/dist-packages:${PYTHONPATH} /usr/bin/cmake /home/robotics/project_deskdash/microros_ws/src/uros/micro-ROS-Agent/micro_ros_agent -DUAGENT_BUILD_EXECUTABLE=OFF -DUAGENT_P2P_PROFILE=OFF --no-warn-unused-cli -DCMAKE_INSTALL_PREFIX=/home/robotics/project_deskdash/microros_ws/install/micro_ros_agent
[11.241s] DEBUG:colcon.colcon_core.event_handler.log_command:Invoked command in '/home/robotics/project_deskdash/microros_ws/build/micro_ros_agent' returned '0': AMENT_PREFIX_PATH=/home/robotics/project_deskdash/microros_ws/install/micro_ros_msgs:${AMENT_PREFIX_PATH} CMAKE_PREFIX_PATH=/home/robotics/project_deskdash/microros_ws/install/micro_ros_msgs:/home/robotics/project_deskdash/microros_ws/install/micro_ros_setup:/opt/ros/humble LD_LIBRARY_PATH=/home/robotics/project_deskdash/microros_ws/install/micro_ros_msgs/lib:/opt/ros/humble/opt/rviz_ogre_vendor/lib:/opt/ros/humble/lib/aarch64-linux-gnu:/opt/ros/humble/lib:/usr/local/cuda-12.6/lib64 PYTHONPATH=/home/robotics/project_deskdash/microros_ws/install/micro_ros_msgs/local/lib/python3.10/dist-packages:${PYTHONPATH} /usr/bin/cmake /home/robotics/project_deskdash/microros_ws/src/uros/micro-ROS-Agent/micro_ros_agent -DUAGENT_BUILD_EXECUTABLE=OFF -DUAGENT_P2P_PROFILE=OFF --no-warn-unused-cli -DCMAKE_INSTALL_PREFIX=/home/robotics/project_deskdash/microros_ws/install/micro_ros_agent
[11.245s] DEBUG:colcon.colcon_core.event_handler.log_command:Invoking command in '/home/robotics/project_deskdash/microros_ws/build/micro_ros_agent': AMENT_PREFIX_PATH=/home/robotics/project_deskdash/microros_ws/install/micro_ros_msgs:${AMENT_PREFIX_PATH} CMAKE_PREFIX_PATH=/home/robotics/project_deskdash/microros_ws/install/micro_ros_msgs:/home/robotics/project_deskdash/microros_ws/install/micro_ros_setup:/opt/ros/humble LD_LIBRARY_PATH=/home/robotics/project_deskdash/microros_ws/install/micro_ros_msgs/lib:/opt/ros/humble/opt/rviz_ogre_vendor/lib:/opt/ros/humble/lib/aarch64-linux-gnu:/opt/ros/humble/lib:/usr/local/cuda-12.6/lib64 PYTHONPATH=/home/robotics/project_deskdash/microros_ws/install/micro_ros_msgs/local/lib/python3.10/dist-packages:${PYTHONPATH} /usr/bin/cmake --build /home/robotics/project_deskdash/microros_ws/build/micro_ros_agent -- -j6 -l6
[98.043s] DEBUG:colcon.colcon_core.event_handler.log_command:Invoked command in '/home/robotics/project_deskdash/microros_ws/build/micro_ros_agent' returned '0': AMENT_PREFIX_PATH=/home/robotics/project_deskdash/microros_ws/install/micro_ros_msgs:${AMENT_PREFIX_PATH} CMAKE_PREFIX_PATH=/home/robotics/project_deskdash/microros_ws/install/micro_ros_msgs:/home/robotics/project_deskdash/microros_ws/install/micro_ros_setup:/opt/ros/humble LD_LIBRARY_PATH=/home/robotics/project_deskdash/microros_ws/install/micro_ros_msgs/lib:/opt/ros/humble/opt/rviz_ogre_vendor/lib:/opt/ros/humble/lib/aarch64-linux-gnu:/opt/ros/humble/lib:/usr/local/cuda-12.6/lib64 PYTHONPATH=/home/robotics/project_deskdash/microros_ws/install/micro_ros_msgs/local/lib/python3.10/dist-packages:${PYTHONPATH} /usr/bin/cmake --build /home/robotics/project_deskdash/microros_ws/build/micro_ros_agent -- -j6 -l6
[98.047s] DEBUG:colcon.colcon_core.event_handler.log_command:Invoking command in '/home/robotics/project_deskdash/microros_ws/build/micro_ros_agent': AMENT_PREFIX_PATH=/home/robotics/project_deskdash/microros_ws/install/micro_ros_msgs:${AMENT_PREFIX_PATH} CMAKE_PREFIX_PATH=/home/robotics/project_deskdash/microros_ws/install/micro_ros_msgs:/home/robotics/project_deskdash/microros_ws/install/micro_ros_setup:/opt/ros/humble LD_LIBRARY_PATH=/home/robotics/project_deskdash/microros_ws/install/micro_ros_msgs/lib:/opt/ros/humble/opt/rviz_ogre_vendor/lib:/opt/ros/humble/lib/aarch64-linux-gnu:/opt/ros/humble/lib:/usr/local/cuda-12.6/lib64 PYTHONPATH=/home/robotics/project_deskdash/microros_ws/install/micro_ros_msgs/local/lib/python3.10/dist-packages:${PYTHONPATH} /usr/bin/cmake --install /home/robotics/project_deskdash/microros_ws/build/micro_ros_agent
[98.076s] Level 1:colcon.colcon_core.environment:create_environment_scripts_only(micro_ros_agent)
[98.076s] Level 1:colcon.colcon_core.environment:checking '/home/robotics/project_deskdash/microros_ws/install/micro_ros_agent' for CMake module files
[98.077s] DEBUG:colcon.colcon_core.event_handler.log_command:Invoked command in '/home/robotics/project_deskdash/microros_ws/build/micro_ros_agent' returned '0': AMENT_PREFIX_PATH=/home/robotics/project_deskdash/microros_ws/install/micro_ros_msgs:${AMENT_PREFIX_PATH} CMAKE_PREFIX_PATH=/home/robotics/project_deskdash/microros_ws/install/micro_ros_msgs:/home/robotics/project_deskdash/microros_ws/install/micro_ros_setup:/opt/ros/humble LD_LIBRARY_PATH=/home/robotics/project_deskdash/microros_ws/install/micro_ros_msgs/lib:/opt/ros/humble/opt/rviz_ogre_vendor/lib:/opt/ros/humble/lib/aarch64-linux-gnu:/opt/ros/humble/lib:/usr/local/cuda-12.6/lib64 PYTHONPATH=/home/robotics/project_deskdash/microros_ws/install/micro_ros_msgs/local/lib/python3.10/dist-packages:${PYTHONPATH} /usr/bin/cmake --install /home/robotics/project_deskdash/microros_ws/build/micro_ros_agent
[98.078s] Level 1:colcon.colcon_core.environment:checking '/home/robotics/project_deskdash/microros_ws/install/micro_ros_agent' for CMake config files
[98.082s] Level 1:colcon.colcon_core.shell:create_environment_hook('micro_ros_agent', 'cmake_prefix_path')
[98.082s] INFO:colcon.colcon_core.shell:Creating environment hook '/home/robotics/project_deskdash/microros_ws/install/micro_ros_agent/share/micro_ros_agent/hook/cmake_prefix_path.ps1'
[98.084s] INFO:colcon.colcon_core.shell:Creating environment descriptor '/home/robotics/project_deskdash/microros_ws/install/micro_ros_agent/share/micro_ros_agent/hook/cmake_prefix_path.dsv'
[98.086s] INFO:colcon.colcon_core.shell:Creating environment hook '/home/robotics/project_deskdash/microros_ws/install/micro_ros_agent/share/micro_ros_agent/hook/cmake_prefix_path.sh'
[98.087s] Level 1:colcon.colcon_core.environment:checking '/home/robotics/project_deskdash/microros_ws/install/micro_ros_agent/lib'
[98.087s] Level 1:colcon.colcon_core.shell:create_environment_hook('micro_ros_agent', 'ld_library_path_lib')
[98.088s] INFO:colcon.colcon_core.shell:Creating environment hook '/home/robotics/project_deskdash/microros_ws/install/micro_ros_agent/share/micro_ros_agent/hook/ld_library_path_lib.ps1'
[98.088s] INFO:colcon.colcon_core.shell:Creating environment descriptor '/home/robotics/project_deskdash/microros_ws/install/micro_ros_agent/share/micro_ros_agent/hook/ld_library_path_lib.dsv'
[98.089s] INFO:colcon.colcon_core.shell:Creating environment hook '/home/robotics/project_deskdash/microros_ws/install/micro_ros_agent/share/micro_ros_agent/hook/ld_library_path_lib.sh'
[98.091s] Level 1:colcon.colcon_core.environment:checking '/home/robotics/project_deskdash/microros_ws/install/micro_ros_agent/bin'
[98.091s] Level 1:colcon.colcon_core.environment:checking '/home/robotics/project_deskdash/microros_ws/install/micro_ros_agent/lib/pkgconfig/micro_ros_agent.pc'
[98.092s] Level 1:colcon.colcon_core.environment:checking '/home/robotics/project_deskdash/microros_ws/install/micro_ros_agent/lib/python3.10/site-packages'
[98.092s] Level 1:colcon.colcon_core.environment:checking '/home/robotics/project_deskdash/microros_ws/install/micro_ros_agent/bin'
[98.094s] INFO:colcon.colcon_core.shell:Creating package script '/home/robotics/project_deskdash/microros_ws/install/micro_ros_agent/share/micro_ros_agent/package.ps1'
[98.096s] INFO:colcon.colcon_core.shell:Creating package descriptor '/home/robotics/project_deskdash/microros_ws/install/micro_ros_agent/share/micro_ros_agent/package.dsv'
[98.098s] INFO:colcon.colcon_core.shell:Creating package script '/home/robotics/project_deskdash/microros_ws/install/micro_ros_agent/share/micro_ros_agent/package.sh'
[98.099s] INFO:colcon.colcon_core.shell:Creating package script '/home/robotics/project_deskdash/microros_ws/install/micro_ros_agent/share/micro_ros_agent/package.bash'
[98.101s] INFO:colcon.colcon_core.shell:Creating package script '/home/robotics/project_deskdash/microros_ws/install/micro_ros_agent/share/micro_ros_agent/package.zsh'
[98.103s] Level 1:colcon.colcon_core.environment:create_file_with_runtime_dependencies(/home/robotics/project_deskdash/microros_ws/install/micro_ros_agent/share/colcon-core/packages/micro_ros_agent)
[98.105s] Level 1:colcon.colcon_core.environment:create_environment_scripts_only(micro_ros_agent)
[98.106s] Level 1:colcon.colcon_core.environment:checking '/home/robotics/project_deskdash/microros_ws/install/micro_ros_agent' for CMake module files
[98.107s] Level 1:colcon.colcon_core.environment:checking '/home/robotics/project_deskdash/microros_ws/install/micro_ros_agent' for CMake config files
[98.110s] Level 1:colcon.colcon_core.shell:create_environment_hook('micro_ros_agent', 'cmake_prefix_path')
[98.110s] INFO:colcon.colcon_core.shell:Creating environment hook '/home/robotics/project_deskdash/microros_ws/install/micro_ros_agent/share/micro_ros_agent/hook/cmake_prefix_path.ps1'
[98.111s] INFO:colcon.colcon_core.shell:Creating environment descriptor '/home/robotics/project_deskdash/microros_ws/install/micro_ros_agent/share/micro_ros_agent/hook/cmake_prefix_path.dsv'
[98.112s] INFO:colcon.colcon_core.shell:Creating environment hook '/home/robotics/project_deskdash/microros_ws/install/micro_ros_agent/share/micro_ros_agent/hook/cmake_prefix_path.sh'
[98.114s] Level 1:colcon.colcon_core.environment:checking '/home/robotics/project_deskdash/microros_ws/install/micro_ros_agent/lib'
[98.115s] Level 1:colcon.colcon_core.shell:create_environment_hook('micro_ros_agent', 'ld_library_path_lib')
[98.116s] INFO:colcon.colcon_core.shell:Creating environment hook '/home/robotics/project_deskdash/microros_ws/install/micro_ros_agent/share/micro_ros_agent/hook/ld_library_path_lib.ps1'
[98.117s] INFO:colcon.colcon_core.shell:Creating environment descriptor '/home/robotics/project_deskdash/microros_ws/install/micro_ros_agent/share/micro_ros_agent/hook/ld_library_path_lib.dsv'
[98.118s] INFO:colcon.colcon_core.shell:Creating environment hook '/home/robotics/project_deskdash/microros_ws/install/micro_ros_agent/share/micro_ros_agent/hook/ld_library_path_lib.sh'
[98.119s] Level 1:colcon.colcon_core.environment:checking '/home/robotics/project_deskdash/microros_ws/install/micro_ros_agent/bin'
[98.120s] Level 1:colcon.colcon_core.environment:checking '/home/robotics/project_deskdash/microros_ws/install/micro_ros_agent/lib/pkgconfig/micro_ros_agent.pc'
[98.121s] Level 1:colcon.colcon_core.environment:checking '/home/robotics/project_deskdash/microros_ws/install/micro_ros_agent/lib/python3.10/site-packages'
[98.121s] Level 1:colcon.colcon_core.environment:checking '/home/robotics/project_deskdash/microros_ws/install/micro_ros_agent/bin'
[98.122s] INFO:colcon.colcon_core.shell:Creating package script '/home/robotics/project_deskdash/microros_ws/install/micro_ros_agent/share/micro_ros_agent/package.ps1'
[98.124s] INFO:colcon.colcon_core.shell:Creating package descriptor '/home/robotics/project_deskdash/microros_ws/install/micro_ros_agent/share/micro_ros_agent/package.dsv'
[98.126s] INFO:colcon.colcon_core.shell:Creating package script '/home/robotics/project_deskdash/microros_ws/install/micro_ros_agent/share/micro_ros_agent/package.sh'
[98.127s] INFO:colcon.colcon_core.shell:Creating package script '/home/robotics/project_deskdash/microros_ws/install/micro_ros_agent/share/micro_ros_agent/package.bash'
[98.129s] INFO:colcon.colcon_core.shell:Creating package script '/home/robotics/project_deskdash/microros_ws/install/micro_ros_agent/share/micro_ros_agent/package.zsh'
[98.131s] Level 1:colcon.colcon_core.environment:create_file_with_runtime_dependencies(/home/robotics/project_deskdash/microros_ws/install/micro_ros_agent/share/colcon-core/packages/micro_ros_agent)
[98.131s] DEBUG:colcon.colcon_parallel_executor.executor.parallel:closing loop
[98.132s] DEBUG:colcon.colcon_parallel_executor.executor.parallel:loop closed
[98.132s] DEBUG:colcon.colcon_parallel_executor.executor.parallel:run_until_complete finished with '0'
[98.133s] DEBUG:colcon.colcon_core.event_reactor:joining thread
[98.153s] INFO:colcon.colcon_core.plugin_system:Skipping extension 'colcon_notification.desktop_notification.terminal_notifier': Not used on non-Darwin systems
[98.153s] INFO:colcon.colcon_core.plugin_system:Skipping extension 'colcon_notification.desktop_notification.win32': Not used on non-Windows systems
[98.153s] INFO:colcon.colcon_notification.desktop_notification:Sending desktop notification using 'notify2'
[98.197s] DEBUG:colcon.colcon_core.event_reactor:joined thread
[98.198s] INFO:colcon.colcon_core.shell:Creating prefix script '/home/robotics/project_deskdash/microros_ws/install/local_setup.ps1'
[98.201s] INFO:colcon.colcon_core.shell:Creating prefix util module '/home/robotics/project_deskdash/microros_ws/install/_local_setup_util_ps1.py'
[98.205s] INFO:colcon.colcon_core.shell:Creating prefix chain script '/home/robotics/project_deskdash/microros_ws/install/setup.ps1'
[98.208s] INFO:colcon.colcon_core.shell:Creating prefix script '/home/robotics/project_deskdash/microros_ws/install/local_setup.sh'
[98.210s] INFO:colcon.colcon_core.shell:Creating prefix util module '/home/robotics/project_deskdash/microros_ws/install/_local_setup_util_sh.py'
[98.211s] INFO:colcon.colcon_core.shell:Creating prefix chain script '/home/robotics/project_deskdash/microros_ws/install/setup.sh'
[98.215s] INFO:colcon.colcon_core.shell:Creating prefix script '/home/robotics/project_deskdash/microros_ws/install/local_setup.bash'
[98.216s] INFO:colcon.colcon_core.shell:Creating prefix chain script '/home/robotics/project_deskdash/microros_ws/install/setup.bash'
[98.219s] INFO:colcon.colcon_core.shell:Creating prefix script '/home/robotics/project_deskdash/microros_ws/install/local_setup.zsh'
[98.221s] INFO:colcon.colcon_core.shell:Creating prefix chain script '/home/robotics/project_deskdash/microros_ws/install/setup.zsh'
