[0.021s] Invoking command in '/home/robotics/project_deskdash/microros_ws/build/micro_ros_msgs': CMAKE_PREFIX_PATH=${CMAKE_PREFIX_PATH}:/opt/ros/humble /usr/bin/cmake /home/robotics/project_deskdash/microros_ws/src/uros/micro_ros_msgs -DUAGENT_BUILD_EXECUTABLE=OFF -DUAGENT_P2P_PROFILE=OFF --no-warn-unused-cli -DCMAKE_INSTALL_PREFIX=/home/robotics/project_deskdash/microros_ws/install/micro_ros_msgs
[0.036s] Not searching for unused variables given on the command line.
[0.127s] -- The C compiler identification is GNU 11.4.0
[0.237s] -- The CXX compiler identification is GNU 11.4.0
[0.256s] -- Detecting C compiler ABI info
[0.398s] -- Detecting C compiler ABI info - done
[0.419s] -- Check for working C compiler: /usr/bin/cc - skipped
[0.419s] -- Detecting C compile features
[0.420s] -- Detecting C compile features - done
[0.426s] -- Detecting CXX compiler ABI info
[0.590s] -- Detecting CXX compiler ABI info - done
[0.612s] -- Check for working CXX compiler: /usr/bin/c++ - skipped
[0.613s] -- Detecting CXX compile features
[0.615s] -- Detecting CXX compile features - done
[0.622s] -- Found ament_cmake: 1.3.11 (/opt/ros/humble/share/ament_cmake/cmake)
[0.948s] -- Found Python3: /usr/bin/python3 (found version "3.10.12") found components: Interpreter 
[1.143s] -- Found rosidl_default_generators: 1.2.0 (/opt/ros/humble/share/rosidl_default_generators/cmake)
[1.151s] -- Using all available rosidl_typesupport_c: rosidl_typesupport_fastrtps_c;rosidl_typesupport_introspection_c
[1.167s] -- Found rosidl_adapter: 3.1.6 (/opt/ros/humble/share/rosidl_adapter/cmake)
[1.250s] -- Using all available rosidl_typesupport_cpp: rosidl_typesupport_fastrtps_cpp;rosidl_typesupport_introspection_cpp
[1.316s] -- Found ament_lint_auto: 0.12.12 (/opt/ros/humble/share/ament_lint_auto/cmake)
[1.890s] -- Found ament_cmake_ros: 0.10.0 (/opt/ros/humble/share/ament_cmake_ros/cmake)
[2.300s] -- Using all available rosidl_typesupport_c: rosidl_typesupport_fastrtps_c;rosidl_typesupport_introspection_c
[2.855s] -- Using all available rosidl_typesupport_cpp: rosidl_typesupport_fastrtps_cpp;rosidl_typesupport_introspection_cpp
[2.907s] -- Found PythonInterp: /usr/bin/python3 (found suitable version "3.10.12", minimum required is "3.6") 
[2.911s] -- Found python_cmake_module: 0.10.0 (/opt/ros/humble/share/python_cmake_module/cmake)
[2.977s] -- Found PythonLibs: /usr/lib/aarch64-linux-gnu/libpython3.10.so (found suitable version "3.10.12", minimum required is "3.5") 
[2.977s] -- Using PYTHON_EXECUTABLE: /usr/bin/python3
[2.977s] -- Using PYTHON_INCLUDE_DIRS: /usr/include/python3.10
[2.977s] -- Using PYTHON_LIBRARIES: /usr/lib/aarch64-linux-gnu/libpython3.10.so
[3.023s] -- Found PythonExtra: .so  
[3.110s] -- Added test 'copyright' to check source files copyright and LICENSE
[3.129s] -- Added test 'lint_cmake' to check CMake code style
[3.137s] -- Added test 'xmllint' to check XML markup files
[3.152s] -- Configuring done
[3.218s] -- Generating done
[3.238s] -- Build files have been written to: /home/robotics/project_deskdash/microros_ws/build/micro_ros_msgs
[3.257s] Invoked command in '/home/robotics/project_deskdash/microros_ws/build/micro_ros_msgs' returned '0': CMAKE_PREFIX_PATH=${CMAKE_PREFIX_PATH}:/opt/ros/humble /usr/bin/cmake /home/robotics/project_deskdash/microros_ws/src/uros/micro_ros_msgs -DUAGENT_BUILD_EXECUTABLE=OFF -DUAGENT_P2P_PROFILE=OFF --no-warn-unused-cli -DCMAKE_INSTALL_PREFIX=/home/robotics/project_deskdash/microros_ws/install/micro_ros_msgs
[3.262s] Invoking command in '/home/robotics/project_deskdash/microros_ws/build/micro_ros_msgs': CMAKE_PREFIX_PATH=${CMAKE_PREFIX_PATH}:/opt/ros/humble /usr/bin/cmake --build /home/robotics/project_deskdash/microros_ws/build/micro_ros_msgs -- -j6 -l6
[3.343s] [  2%] [34m[1mGenerating C code for ROS interfaces[0m
[3.365s] [  4%] [34m[1mGenerating C++ code for ROS interfaces[0m
[3.384s] [  4%] Built target ament_cmake_python_copy_micro_ros_msgs
[3.873s] running egg_info
[3.875s] creating micro_ros_msgs.egg-info
[3.875s] writing micro_ros_msgs.egg-info/PKG-INFO
[3.875s] writing dependency_links to micro_ros_msgs.egg-info/dependency_links.txt
[3.876s] writing top-level names to micro_ros_msgs.egg-info/top_level.txt
[3.876s] writing manifest file 'micro_ros_msgs.egg-info/SOURCES.txt'
[3.881s] reading manifest file 'micro_ros_msgs.egg-info/SOURCES.txt'
[3.882s] writing manifest file 'micro_ros_msgs.egg-info/SOURCES.txt'
[3.956s] [  4%] Built target ament_cmake_python_build_micro_ros_msgs_egg
[4.195s] [  4%] Built target micro_ros_msgs__cpp
[4.216s] [  8%] [34m[1mGenerating C++ type support for eProsima Fast-RTPS[0m
[4.216s] [  8%] [32mBuilding C object CMakeFiles/micro_ros_msgs__rosidl_generator_c.dir/rosidl_generator_c/micro_ros_msgs/msg/detail/node__functions.c.o[0m
[4.217s] [ 10%] [34m[1mGenerating C++ type support dispatch for ROS interfaces[0m
[4.218s] [ 12%] [32mBuilding C object CMakeFiles/micro_ros_msgs__rosidl_generator_c.dir/rosidl_generator_c/micro_ros_msgs/msg/detail/entity__functions.c.o[0m
[4.222s] [ 14%] [34m[1mGenerating C++ introspection for ROS interfaces[0m
[4.237s] [ 17%] [32mBuilding C object CMakeFiles/micro_ros_msgs__rosidl_generator_c.dir/rosidl_generator_c/micro_ros_msgs/msg/detail/graph__functions.c.o[0m
[4.366s] [ 19%] [32m[1mLinking C shared library libmicro_ros_msgs__rosidl_generator_c.so[0m
[4.435s] [ 19%] Built target micro_ros_msgs__rosidl_generator_c
[4.456s] [ 21%] [34m[1mGenerating C introspection for ROS interfaces[0m
[4.457s] [ 23%] [34m[1mGenerating C type support dispatch for ROS interfaces[0m
[4.465s] [ 25%] [34m[1mGenerating C type support for eProsima Fast-RTPS[0m
[4.912s] [ 27%] [32mBuilding CXX object CMakeFiles/micro_ros_msgs__rosidl_typesupport_cpp.dir/rosidl_typesupport_cpp/micro_ros_msgs/msg/graph__type_support.cpp.o[0m
[4.984s] [ 29%] [32mBuilding CXX object CMakeFiles/micro_ros_msgs__rosidl_typesupport_fastrtps_cpp.dir/rosidl_typesupport_fastrtps_cpp/micro_ros_msgs/msg/detail/dds_fastrtps/graph__type_support.cpp.o[0m
[5.073s] [ 31%] [32mBuilding CXX object CMakeFiles/micro_ros_msgs__rosidl_typesupport_introspection_cpp.dir/rosidl_typesupport_introspection_cpp/micro_ros_msgs/msg/detail/graph__type_support.cpp.o[0m
[5.141s] [ 34%] [32mBuilding CXX object CMakeFiles/micro_ros_msgs__rosidl_typesupport_c.dir/rosidl_typesupport_c/micro_ros_msgs/msg/graph__type_support.cpp.o[0m
[5.219s] [ 36%] [32mBuilding CXX object CMakeFiles/micro_ros_msgs__rosidl_typesupport_c.dir/rosidl_typesupport_c/micro_ros_msgs/msg/node__type_support.cpp.o[0m
[5.249s] [ 38%] [32mBuilding C object CMakeFiles/micro_ros_msgs__rosidl_typesupport_introspection_c.dir/rosidl_typesupport_introspection_c/micro_ros_msgs/msg/detail/graph__type_support.c.o[0m
[5.283s] [ 40%] [32mBuilding CXX object CMakeFiles/micro_ros_msgs__rosidl_typesupport_c.dir/rosidl_typesupport_c/micro_ros_msgs/msg/entity__type_support.cpp.o[0m
[5.350s] [ 42%] [32mBuilding C object CMakeFiles/micro_ros_msgs__rosidl_typesupport_introspection_c.dir/rosidl_typesupport_introspection_c/micro_ros_msgs/msg/detail/node__type_support.c.o[0m
[5.352s] [ 44%] [32mBuilding CXX object CMakeFiles/micro_ros_msgs__rosidl_typesupport_fastrtps_c.dir/rosidl_typesupport_fastrtps_c/micro_ros_msgs/msg/detail/graph__type_support_c.cpp.o[0m
[5.371s] [ 46%] [32m[1mLinking CXX shared library libmicro_ros_msgs__rosidl_typesupport_c.so[0m
[5.442s] [ 48%] [32mBuilding C object CMakeFiles/micro_ros_msgs__rosidl_typesupport_introspection_c.dir/rosidl_typesupport_introspection_c/micro_ros_msgs/msg/detail/entity__type_support.c.o[0m
[5.461s] [ 48%] Built target micro_ros_msgs__rosidl_typesupport_c
[5.486s] [ 51%] [32mBuilding CXX object CMakeFiles/micro_ros_msgs__rosidl_typesupport_fastrtps_cpp.dir/rosidl_typesupport_fastrtps_cpp/micro_ros_msgs/msg/detail/dds_fastrtps/node__type_support.cpp.o[0m
[5.583s] [ 53%] [32m[1mLinking C shared library libmicro_ros_msgs__rosidl_typesupport_introspection_c.so[0m
[5.646s] [ 55%] [32mBuilding CXX object CMakeFiles/micro_ros_msgs__rosidl_typesupport_cpp.dir/rosidl_typesupport_cpp/micro_ros_msgs/msg/node__type_support.cpp.o[0m
[5.669s] [ 55%] Built target micro_ros_msgs__rosidl_typesupport_introspection_c
[5.691s] [ 57%] [32mBuilding CXX object CMakeFiles/micro_ros_msgs__rosidl_typesupport_cpp.dir/rosidl_typesupport_cpp/micro_ros_msgs/msg/entity__type_support.cpp.o[0m
[6.183s] [ 59%] [32mBuilding CXX object CMakeFiles/micro_ros_msgs__rosidl_typesupport_fastrtps_c.dir/rosidl_typesupport_fastrtps_c/micro_ros_msgs/msg/detail/node__type_support_c.cpp.o[0m
[6.230s] [ 61%] [32mBuilding CXX object CMakeFiles/micro_ros_msgs__rosidl_typesupport_fastrtps_c.dir/rosidl_typesupport_fastrtps_c/micro_ros_msgs/msg/detail/entity__type_support_c.cpp.o[0m
[6.262s] [ 63%] [32mBuilding CXX object CMakeFiles/micro_ros_msgs__rosidl_typesupport_fastrtps_cpp.dir/rosidl_typesupport_fastrtps_cpp/micro_ros_msgs/msg/detail/dds_fastrtps/entity__type_support.cpp.o[0m
[6.400s] [ 65%] [32m[1mLinking CXX shared library libmicro_ros_msgs__rosidl_typesupport_cpp.so[0m
[6.492s] [ 68%] [32mBuilding CXX object CMakeFiles/micro_ros_msgs__rosidl_typesupport_introspection_cpp.dir/rosidl_typesupport_introspection_cpp/micro_ros_msgs/msg/detail/node__type_support.cpp.o[0m
[6.492s] [ 68%] Built target micro_ros_msgs__rosidl_typesupport_cpp
[6.515s] [ 70%] [32mBuilding CXX object CMakeFiles/micro_ros_msgs__rosidl_typesupport_introspection_cpp.dir/rosidl_typesupport_introspection_cpp/micro_ros_msgs/msg/detail/entity__type_support.cpp.o[0m
[7.097s] [ 72%] [32m[1mLinking CXX shared library libmicro_ros_msgs__rosidl_typesupport_fastrtps_c.so[0m
[7.259s] [ 72%] Built target micro_ros_msgs__rosidl_typesupport_fastrtps_c
[7.268s] [ 74%] [32m[1mLinking CXX shared library libmicro_ros_msgs__rosidl_typesupport_fastrtps_cpp.so[0m
[7.431s] [ 74%] Built target micro_ros_msgs__rosidl_typesupport_fastrtps_cpp
[7.527s] [ 76%] [32m[1mLinking CXX shared library libmicro_ros_msgs__rosidl_typesupport_introspection_cpp.so[0m
[7.694s] [ 76%] Built target micro_ros_msgs__rosidl_typesupport_introspection_cpp
[7.736s] [ 76%] Built target micro_ros_msgs
[7.785s] [ 78%] [34m[1mGenerating Python code for ROS interfaces[0m
[8.818s] [ 78%] Built target micro_ros_msgs__py
[8.858s] [ 82%] [32mBuilding C object CMakeFiles/micro_ros_msgs__rosidl_generator_py.dir/rosidl_generator_py/micro_ros_msgs/msg/_entity_s.c.o[0m
[8.859s] [ 82%] [32mBuilding C object CMakeFiles/micro_ros_msgs__rosidl_generator_py.dir/rosidl_generator_py/micro_ros_msgs/msg/_node_s.c.o[0m
[8.859s] [ 85%] [32mBuilding C object CMakeFiles/micro_ros_msgs__rosidl_generator_py.dir/rosidl_generator_py/micro_ros_msgs/msg/_graph_s.c.o[0m
[9.114s] [ 87%] [32m[1mLinking C shared library rosidl_generator_py/micro_ros_msgs/libmicro_ros_msgs__rosidl_generator_py.so[0m
[9.196s] [ 87%] Built target micro_ros_msgs__rosidl_generator_py
[9.237s] [ 91%] [32mBuilding C object CMakeFiles/micro_ros_msgs__rosidl_typesupport_fastrtps_c__pyext.dir/rosidl_generator_py/micro_ros_msgs/_micro_ros_msgs_s.ep.rosidl_typesupport_fastrtps_c.c.o[0m
[9.237s] [ 91%] [32mBuilding C object CMakeFiles/micro_ros_msgs__rosidl_typesupport_introspection_c__pyext.dir/rosidl_generator_py/micro_ros_msgs/_micro_ros_msgs_s.ep.rosidl_typesupport_introspection_c.c.o[0m
[9.241s] [ 93%] [32mBuilding C object CMakeFiles/micro_ros_msgs__rosidl_typesupport_c__pyext.dir/rosidl_generator_py/micro_ros_msgs/_micro_ros_msgs_s.ep.rosidl_typesupport_c.c.o[0m
[9.439s] [ 97%] [32m[1mLinking C shared library rosidl_generator_py/micro_ros_msgs/micro_ros_msgs_s__rosidl_typesupport_c.cpython-310-aarch64-linux-gnu.so[0m
[9.440s] [ 97%] [32m[1mLinking C shared library rosidl_generator_py/micro_ros_msgs/micro_ros_msgs_s__rosidl_typesupport_fastrtps_c.cpython-310-aarch64-linux-gnu.so[0m
[9.445s] [100%] [32m[1mLinking C shared library rosidl_generator_py/micro_ros_msgs/micro_ros_msgs_s__rosidl_typesupport_introspection_c.cpython-310-aarch64-linux-gnu.so[0m
[9.505s] [100%] Built target micro_ros_msgs__rosidl_typesupport_fastrtps_c__pyext
[9.505s] [100%] Built target micro_ros_msgs__rosidl_typesupport_c__pyext
[9.522s] [100%] Built target micro_ros_msgs__rosidl_typesupport_introspection_c__pyext
[9.549s] Invoked command in '/home/robotics/project_deskdash/microros_ws/build/micro_ros_msgs' returned '0': CMAKE_PREFIX_PATH=${CMAKE_PREFIX_PATH}:/opt/ros/humble /usr/bin/cmake --build /home/robotics/project_deskdash/microros_ws/build/micro_ros_msgs -- -j6 -l6
[9.572s] Invoking command in '/home/robotics/project_deskdash/microros_ws/build/micro_ros_msgs': CMAKE_PREFIX_PATH=${CMAKE_PREFIX_PATH}:/opt/ros/humble /usr/bin/cmake --install /home/robotics/project_deskdash/microros_ws/build/micro_ros_msgs
[9.591s] -- Install configuration: ""
[9.592s] -- Installing: /home/robotics/project_deskdash/microros_ws/install/micro_ros_msgs/share/ament_index/resource_index/rosidl_interfaces/micro_ros_msgs
[9.592s] -- Installing: /home/robotics/project_deskdash/microros_ws/install/micro_ros_msgs/include/micro_ros_msgs/micro_ros_msgs
[9.592s] -- Installing: /home/robotics/project_deskdash/microros_ws/install/micro_ros_msgs/include/micro_ros_msgs/micro_ros_msgs/msg
[9.592s] -- Installing: /home/robotics/project_deskdash/microros_ws/install/micro_ros_msgs/include/micro_ros_msgs/micro_ros_msgs/msg/node.h
[9.592s] -- Installing: /home/robotics/project_deskdash/microros_ws/install/micro_ros_msgs/include/micro_ros_msgs/micro_ros_msgs/msg/detail
[9.593s] -- Installing: /home/robotics/project_deskdash/microros_ws/install/micro_ros_msgs/include/micro_ros_msgs/micro_ros_msgs/msg/detail/graph__struct.h
[9.593s] -- Installing: /home/robotics/project_deskdash/microros_ws/install/micro_ros_msgs/include/micro_ros_msgs/micro_ros_msgs/msg/detail/node__functions.c
[9.593s] -- Installing: /home/robotics/project_deskdash/microros_ws/install/micro_ros_msgs/include/micro_ros_msgs/micro_ros_msgs/msg/detail/node__type_support.h
[9.593s] -- Installing: /home/robotics/project_deskdash/microros_ws/install/micro_ros_msgs/include/micro_ros_msgs/micro_ros_msgs/msg/detail/entity__functions.h
[9.593s] -- Installing: /home/robotics/project_deskdash/microros_ws/install/micro_ros_msgs/include/micro_ros_msgs/micro_ros_msgs/msg/detail/node__struct.h
[9.594s] -- Installing: /home/robotics/project_deskdash/microros_ws/install/micro_ros_msgs/include/micro_ros_msgs/micro_ros_msgs/msg/detail/node__functions.h
[9.594s] -- Installing: /home/robotics/project_deskdash/microros_ws/install/micro_ros_msgs/include/micro_ros_msgs/micro_ros_msgs/msg/detail/graph__functions.h
[9.594s] -- Installing: /home/robotics/project_deskdash/microros_ws/install/micro_ros_msgs/include/micro_ros_msgs/micro_ros_msgs/msg/detail/graph__functions.c
[9.594s] -- Installing: /home/robotics/project_deskdash/microros_ws/install/micro_ros_msgs/include/micro_ros_msgs/micro_ros_msgs/msg/detail/entity__type_support.h
[9.594s] -- Installing: /home/robotics/project_deskdash/microros_ws/install/micro_ros_msgs/include/micro_ros_msgs/micro_ros_msgs/msg/detail/graph__type_support.h
[9.595s] -- Installing: /home/robotics/project_deskdash/microros_ws/install/micro_ros_msgs/include/micro_ros_msgs/micro_ros_msgs/msg/detail/entity__struct.h
[9.595s] -- Installing: /home/robotics/project_deskdash/microros_ws/install/micro_ros_msgs/include/micro_ros_msgs/micro_ros_msgs/msg/detail/entity__functions.c
[9.595s] -- Installing: /home/robotics/project_deskdash/microros_ws/install/micro_ros_msgs/include/micro_ros_msgs/micro_ros_msgs/msg/entity.h
[9.595s] -- Installing: /home/robotics/project_deskdash/microros_ws/install/micro_ros_msgs/include/micro_ros_msgs/micro_ros_msgs/msg/graph.h
[9.595s] -- Installing: /home/robotics/project_deskdash/microros_ws/install/micro_ros_msgs/include/micro_ros_msgs/micro_ros_msgs/msg/rosidl_generator_c__visibility_control.h
[9.596s] -- Installing: /home/robotics/project_deskdash/microros_ws/install/micro_ros_msgs/share/micro_ros_msgs/environment/library_path.sh
[9.596s] -- Installing: /home/robotics/project_deskdash/microros_ws/install/micro_ros_msgs/share/micro_ros_msgs/environment/library_path.dsv
[9.597s] -- Installing: /home/robotics/project_deskdash/microros_ws/install/micro_ros_msgs/lib/libmicro_ros_msgs__rosidl_generator_c.so
[9.597s] -- Set runtime path of "/home/robotics/project_deskdash/microros_ws/install/micro_ros_msgs/lib/libmicro_ros_msgs__rosidl_generator_c.so" to ""
[9.598s] -- Up-to-date: /home/robotics/project_deskdash/microros_ws/install/micro_ros_msgs/include/micro_ros_msgs/micro_ros_msgs
[9.598s] -- Up-to-date: /home/robotics/project_deskdash/microros_ws/install/micro_ros_msgs/include/micro_ros_msgs/micro_ros_msgs/msg
[9.598s] -- Up-to-date: /home/robotics/project_deskdash/microros_ws/install/micro_ros_msgs/include/micro_ros_msgs/micro_ros_msgs/msg/detail
[9.598s] -- Installing: /home/robotics/project_deskdash/microros_ws/install/micro_ros_msgs/include/micro_ros_msgs/micro_ros_msgs/msg/detail/graph__rosidl_typesupport_fastrtps_c.h
[9.598s] -- Installing: /home/robotics/project_deskdash/microros_ws/install/micro_ros_msgs/include/micro_ros_msgs/micro_ros_msgs/msg/detail/node__rosidl_typesupport_fastrtps_c.h
[9.599s] -- Installing: /home/robotics/project_deskdash/microros_ws/install/micro_ros_msgs/include/micro_ros_msgs/micro_ros_msgs/msg/detail/entity__rosidl_typesupport_fastrtps_c.h
[9.599s] -- Installing: /home/robotics/project_deskdash/microros_ws/install/micro_ros_msgs/include/micro_ros_msgs/micro_ros_msgs/msg/rosidl_typesupport_fastrtps_c__visibility_control.h
[9.599s] -- Installing: /home/robotics/project_deskdash/microros_ws/install/micro_ros_msgs/lib/libmicro_ros_msgs__rosidl_typesupport_fastrtps_c.so
[9.599s] -- Set runtime path of "/home/robotics/project_deskdash/microros_ws/install/micro_ros_msgs/lib/libmicro_ros_msgs__rosidl_typesupport_fastrtps_c.so" to ""
[9.599s] -- Up-to-date: /home/robotics/project_deskdash/microros_ws/install/micro_ros_msgs/include/micro_ros_msgs/micro_ros_msgs
[9.599s] -- Up-to-date: /home/robotics/project_deskdash/microros_ws/install/micro_ros_msgs/include/micro_ros_msgs/micro_ros_msgs/msg
[9.600s] -- Installing: /home/robotics/project_deskdash/microros_ws/install/micro_ros_msgs/include/micro_ros_msgs/micro_ros_msgs/msg/rosidl_typesupport_introspection_c__visibility_control.h
[9.600s] -- Up-to-date: /home/robotics/project_deskdash/microros_ws/install/micro_ros_msgs/include/micro_ros_msgs/micro_ros_msgs/msg/detail
[9.600s] -- Installing: /home/robotics/project_deskdash/microros_ws/install/micro_ros_msgs/include/micro_ros_msgs/micro_ros_msgs/msg/detail/graph__type_support.c
[9.600s] -- Installing: /home/robotics/project_deskdash/microros_ws/install/micro_ros_msgs/include/micro_ros_msgs/micro_ros_msgs/msg/detail/node__rosidl_typesupport_introspection_c.h
[9.600s] -- Installing: /home/robotics/project_deskdash/microros_ws/install/micro_ros_msgs/include/micro_ros_msgs/micro_ros_msgs/msg/detail/entity__type_support.c
[9.601s] -- Installing: /home/robotics/project_deskdash/microros_ws/install/micro_ros_msgs/include/micro_ros_msgs/micro_ros_msgs/msg/detail/entity__rosidl_typesupport_introspection_c.h
[9.601s] -- Installing: /home/robotics/project_deskdash/microros_ws/install/micro_ros_msgs/include/micro_ros_msgs/micro_ros_msgs/msg/detail/node__type_support.c
[9.601s] -- Installing: /home/robotics/project_deskdash/microros_ws/install/micro_ros_msgs/include/micro_ros_msgs/micro_ros_msgs/msg/detail/graph__rosidl_typesupport_introspection_c.h
[9.601s] -- Installing: /home/robotics/project_deskdash/microros_ws/install/micro_ros_msgs/lib/libmicro_ros_msgs__rosidl_typesupport_introspection_c.so
[9.602s] -- Set runtime path of "/home/robotics/project_deskdash/microros_ws/install/micro_ros_msgs/lib/libmicro_ros_msgs__rosidl_typesupport_introspection_c.so" to ""
[9.602s] -- Installing: /home/robotics/project_deskdash/microros_ws/install/micro_ros_msgs/lib/libmicro_ros_msgs__rosidl_typesupport_c.so
[9.602s] -- Set runtime path of "/home/robotics/project_deskdash/microros_ws/install/micro_ros_msgs/lib/libmicro_ros_msgs__rosidl_typesupport_c.so" to ""
[9.602s] -- Up-to-date: /home/robotics/project_deskdash/microros_ws/install/micro_ros_msgs/include/micro_ros_msgs/micro_ros_msgs
[9.603s] -- Up-to-date: /home/robotics/project_deskdash/microros_ws/install/micro_ros_msgs/include/micro_ros_msgs/micro_ros_msgs/msg
[9.603s] -- Installing: /home/robotics/project_deskdash/microros_ws/install/micro_ros_msgs/include/micro_ros_msgs/micro_ros_msgs/msg/graph.hpp
[9.603s] -- Installing: /home/robotics/project_deskdash/microros_ws/install/micro_ros_msgs/include/micro_ros_msgs/micro_ros_msgs/msg/entity.hpp
[9.603s] -- Up-to-date: /home/robotics/project_deskdash/microros_ws/install/micro_ros_msgs/include/micro_ros_msgs/micro_ros_msgs/msg/detail
[9.603s] -- Installing: /home/robotics/project_deskdash/microros_ws/install/micro_ros_msgs/include/micro_ros_msgs/micro_ros_msgs/msg/detail/node__traits.hpp
[9.603s] -- Installing: /home/robotics/project_deskdash/microros_ws/install/micro_ros_msgs/include/micro_ros_msgs/micro_ros_msgs/msg/detail/node__type_support.hpp
[9.604s] -- Installing: /home/robotics/project_deskdash/microros_ws/install/micro_ros_msgs/include/micro_ros_msgs/micro_ros_msgs/msg/detail/graph__builder.hpp
[9.604s] -- Installing: /home/robotics/project_deskdash/microros_ws/install/micro_ros_msgs/include/micro_ros_msgs/micro_ros_msgs/msg/detail/entity__type_support.hpp
[9.604s] -- Installing: /home/robotics/project_deskdash/microros_ws/install/micro_ros_msgs/include/micro_ros_msgs/micro_ros_msgs/msg/detail/graph__struct.hpp
[9.604s] -- Installing: /home/robotics/project_deskdash/microros_ws/install/micro_ros_msgs/include/micro_ros_msgs/micro_ros_msgs/msg/detail/entity__struct.hpp
[9.604s] -- Installing: /home/robotics/project_deskdash/microros_ws/install/micro_ros_msgs/include/micro_ros_msgs/micro_ros_msgs/msg/detail/graph__traits.hpp
[9.605s] -- Installing: /home/robotics/project_deskdash/microros_ws/install/micro_ros_msgs/include/micro_ros_msgs/micro_ros_msgs/msg/detail/node__struct.hpp
[9.605s] -- Installing: /home/robotics/project_deskdash/microros_ws/install/micro_ros_msgs/include/micro_ros_msgs/micro_ros_msgs/msg/detail/graph__type_support.hpp
[9.605s] -- Installing: /home/robotics/project_deskdash/microros_ws/install/micro_ros_msgs/include/micro_ros_msgs/micro_ros_msgs/msg/detail/entity__builder.hpp
[9.605s] -- Installing: /home/robotics/project_deskdash/microros_ws/install/micro_ros_msgs/include/micro_ros_msgs/micro_ros_msgs/msg/detail/node__builder.hpp
[9.606s] -- Installing: /home/robotics/project_deskdash/microros_ws/install/micro_ros_msgs/include/micro_ros_msgs/micro_ros_msgs/msg/detail/entity__traits.hpp
[9.606s] -- Installing: /home/robotics/project_deskdash/microros_ws/install/micro_ros_msgs/include/micro_ros_msgs/micro_ros_msgs/msg/rosidl_generator_cpp__visibility_control.hpp
[9.606s] -- Installing: /home/robotics/project_deskdash/microros_ws/install/micro_ros_msgs/include/micro_ros_msgs/micro_ros_msgs/msg/node.hpp
[9.606s] -- Up-to-date: /home/robotics/project_deskdash/microros_ws/install/micro_ros_msgs/include/micro_ros_msgs/micro_ros_msgs
[9.607s] -- Up-to-date: /home/robotics/project_deskdash/microros_ws/install/micro_ros_msgs/include/micro_ros_msgs/micro_ros_msgs/msg
[9.607s] -- Up-to-date: /home/robotics/project_deskdash/microros_ws/install/micro_ros_msgs/include/micro_ros_msgs/micro_ros_msgs/msg/detail
[9.607s] -- Installing: /home/robotics/project_deskdash/microros_ws/install/micro_ros_msgs/include/micro_ros_msgs/micro_ros_msgs/msg/detail/node__rosidl_typesupport_fastrtps_cpp.hpp
[9.607s] -- Installing: /home/robotics/project_deskdash/microros_ws/install/micro_ros_msgs/include/micro_ros_msgs/micro_ros_msgs/msg/detail/entity__rosidl_typesupport_fastrtps_cpp.hpp
[9.607s] -- Installing: /home/robotics/project_deskdash/microros_ws/install/micro_ros_msgs/include/micro_ros_msgs/micro_ros_msgs/msg/detail/graph__rosidl_typesupport_fastrtps_cpp.hpp
[9.607s] -- Installing: /home/robotics/project_deskdash/microros_ws/install/micro_ros_msgs/include/micro_ros_msgs/micro_ros_msgs/msg/detail/dds_fastrtps
[9.608s] -- Installing: /home/robotics/project_deskdash/microros_ws/install/micro_ros_msgs/include/micro_ros_msgs/micro_ros_msgs/msg/rosidl_typesupport_fastrtps_cpp__visibility_control.h
[9.608s] -- Installing: /home/robotics/project_deskdash/microros_ws/install/micro_ros_msgs/lib/libmicro_ros_msgs__rosidl_typesupport_fastrtps_cpp.so
[9.609s] -- Set runtime path of "/home/robotics/project_deskdash/microros_ws/install/micro_ros_msgs/lib/libmicro_ros_msgs__rosidl_typesupport_fastrtps_cpp.so" to ""
[9.609s] -- Up-to-date: /home/robotics/project_deskdash/microros_ws/install/micro_ros_msgs/include/micro_ros_msgs/micro_ros_msgs
[9.609s] -- Up-to-date: /home/robotics/project_deskdash/microros_ws/install/micro_ros_msgs/include/micro_ros_msgs/micro_ros_msgs/msg
[9.609s] -- Up-to-date: /home/robotics/project_deskdash/microros_ws/install/micro_ros_msgs/include/micro_ros_msgs/micro_ros_msgs/msg/detail
[9.609s] -- Installing: /home/robotics/project_deskdash/microros_ws/install/micro_ros_msgs/include/micro_ros_msgs/micro_ros_msgs/msg/detail/graph__rosidl_typesupport_introspection_cpp.hpp
[9.609s] -- Installing: /home/robotics/project_deskdash/microros_ws/install/micro_ros_msgs/include/micro_ros_msgs/micro_ros_msgs/msg/detail/graph__type_support.cpp
[9.610s] -- Installing: /home/robotics/project_deskdash/microros_ws/install/micro_ros_msgs/include/micro_ros_msgs/micro_ros_msgs/msg/detail/node__rosidl_typesupport_introspection_cpp.hpp
[9.610s] -- Installing: /home/robotics/project_deskdash/microros_ws/install/micro_ros_msgs/include/micro_ros_msgs/micro_ros_msgs/msg/detail/node__type_support.cpp
[9.610s] -- Installing: /home/robotics/project_deskdash/microros_ws/install/micro_ros_msgs/include/micro_ros_msgs/micro_ros_msgs/msg/detail/entity__rosidl_typesupport_introspection_cpp.hpp
[9.610s] -- Installing: /home/robotics/project_deskdash/microros_ws/install/micro_ros_msgs/include/micro_ros_msgs/micro_ros_msgs/msg/detail/entity__type_support.cpp
[9.610s] -- Installing: /home/robotics/project_deskdash/microros_ws/install/micro_ros_msgs/lib/libmicro_ros_msgs__rosidl_typesupport_introspection_cpp.so
[9.611s] -- Set runtime path of "/home/robotics/project_deskdash/microros_ws/install/micro_ros_msgs/lib/libmicro_ros_msgs__rosidl_typesupport_introspection_cpp.so" to ""
[9.611s] -- Installing: /home/robotics/project_deskdash/microros_ws/install/micro_ros_msgs/lib/libmicro_ros_msgs__rosidl_typesupport_cpp.so
[9.612s] -- Set runtime path of "/home/robotics/project_deskdash/microros_ws/install/micro_ros_msgs/lib/libmicro_ros_msgs__rosidl_typesupport_cpp.so" to ""
[9.612s] -- Installing: /home/robotics/project_deskdash/microros_ws/install/micro_ros_msgs/share/micro_ros_msgs/environment/pythonpath.sh
[9.612s] -- Installing: /home/robotics/project_deskdash/microros_ws/install/micro_ros_msgs/share/micro_ros_msgs/environment/pythonpath.dsv
[9.612s] -- Installing: /home/robotics/project_deskdash/microros_ws/install/micro_ros_msgs/local/lib/python3.10/dist-packages/micro_ros_msgs-3.0.1-py3.10.egg-info
[9.613s] -- Installing: /home/robotics/project_deskdash/microros_ws/install/micro_ros_msgs/local/lib/python3.10/dist-packages/micro_ros_msgs-3.0.1-py3.10.egg-info/dependency_links.txt
[9.613s] -- Installing: /home/robotics/project_deskdash/microros_ws/install/micro_ros_msgs/local/lib/python3.10/dist-packages/micro_ros_msgs-3.0.1-py3.10.egg-info/SOURCES.txt
[9.613s] -- Installing: /home/robotics/project_deskdash/microros_ws/install/micro_ros_msgs/local/lib/python3.10/dist-packages/micro_ros_msgs-3.0.1-py3.10.egg-info/PKG-INFO
[9.613s] -- Installing: /home/robotics/project_deskdash/microros_ws/install/micro_ros_msgs/local/lib/python3.10/dist-packages/micro_ros_msgs-3.0.1-py3.10.egg-info/top_level.txt
[9.614s] -- Installing: /home/robotics/project_deskdash/microros_ws/install/micro_ros_msgs/local/lib/python3.10/dist-packages/micro_ros_msgs
[9.614s] -- Installing: /home/robotics/project_deskdash/microros_ws/install/micro_ros_msgs/local/lib/python3.10/dist-packages/micro_ros_msgs/_micro_ros_msgs_s.ep.rosidl_typesupport_c.c
[9.614s] -- Installing: /home/robotics/project_deskdash/microros_ws/install/micro_ros_msgs/local/lib/python3.10/dist-packages/micro_ros_msgs/libmicro_ros_msgs__rosidl_generator_py.so
[9.614s] -- Installing: /home/robotics/project_deskdash/microros_ws/install/micro_ros_msgs/local/lib/python3.10/dist-packages/micro_ros_msgs/__init__.py
[9.614s] -- Installing: /home/robotics/project_deskdash/microros_ws/install/micro_ros_msgs/local/lib/python3.10/dist-packages/micro_ros_msgs/_micro_ros_msgs_s.ep.rosidl_typesupport_fastrtps_c.c
[9.615s] -- Installing: /home/robotics/project_deskdash/microros_ws/install/micro_ros_msgs/local/lib/python3.10/dist-packages/micro_ros_msgs/msg
[9.615s] -- Installing: /home/robotics/project_deskdash/microros_ws/install/micro_ros_msgs/local/lib/python3.10/dist-packages/micro_ros_msgs/msg/_node_s.c
[9.615s] -- Installing: /home/robotics/project_deskdash/microros_ws/install/micro_ros_msgs/local/lib/python3.10/dist-packages/micro_ros_msgs/msg/_entity.py
[9.615s] -- Installing: /home/robotics/project_deskdash/microros_ws/install/micro_ros_msgs/local/lib/python3.10/dist-packages/micro_ros_msgs/msg/__init__.py
[9.615s] -- Installing: /home/robotics/project_deskdash/microros_ws/install/micro_ros_msgs/local/lib/python3.10/dist-packages/micro_ros_msgs/msg/_graph.py
[9.616s] -- Installing: /home/robotics/project_deskdash/microros_ws/install/micro_ros_msgs/local/lib/python3.10/dist-packages/micro_ros_msgs/msg/_graph_s.c
[9.616s] -- Installing: /home/robotics/project_deskdash/microros_ws/install/micro_ros_msgs/local/lib/python3.10/dist-packages/micro_ros_msgs/msg/_entity_s.c
[9.616s] -- Installing: /home/robotics/project_deskdash/microros_ws/install/micro_ros_msgs/local/lib/python3.10/dist-packages/micro_ros_msgs/msg/_node.py
[9.616s] -- Installing: /home/robotics/project_deskdash/microros_ws/install/micro_ros_msgs/local/lib/python3.10/dist-packages/micro_ros_msgs/_micro_ros_msgs_s.ep.rosidl_typesupport_introspection_c.c
[9.617s] -- Installing: /home/robotics/project_deskdash/microros_ws/install/micro_ros_msgs/local/lib/python3.10/dist-packages/micro_ros_msgs/micro_ros_msgs_s__rosidl_typesupport_fastrtps_c.cpython-310-aarch64-linux-gnu.so
[9.617s] -- Installing: /home/robotics/project_deskdash/microros_ws/install/micro_ros_msgs/local/lib/python3.10/dist-packages/micro_ros_msgs/micro_ros_msgs_s__rosidl_typesupport_introspection_c.cpython-310-aarch64-linux-gnu.so
[9.617s] -- Installing: /home/robotics/project_deskdash/microros_ws/install/micro_ros_msgs/local/lib/python3.10/dist-packages/micro_ros_msgs/micro_ros_msgs_s__rosidl_typesupport_c.cpython-310-aarch64-linux-gnu.so
[9.689s] Listing '/home/robotics/project_deskdash/microros_ws/install/micro_ros_msgs/local/lib/python3.10/dist-packages/micro_ros_msgs'...
[9.689s] Compiling '/home/robotics/project_deskdash/microros_ws/install/micro_ros_msgs/local/lib/python3.10/dist-packages/micro_ros_msgs/__init__.py'...
[9.689s] Listing '/home/robotics/project_deskdash/microros_ws/install/micro_ros_msgs/local/lib/python3.10/dist-packages/micro_ros_msgs/msg'...
[9.689s] Compiling '/home/robotics/project_deskdash/microros_ws/install/micro_ros_msgs/local/lib/python3.10/dist-packages/micro_ros_msgs/msg/__init__.py'...
[9.689s] Compiling '/home/robotics/project_deskdash/microros_ws/install/micro_ros_msgs/local/lib/python3.10/dist-packages/micro_ros_msgs/msg/_entity.py'...
[9.690s] Compiling '/home/robotics/project_deskdash/microros_ws/install/micro_ros_msgs/local/lib/python3.10/dist-packages/micro_ros_msgs/msg/_graph.py'...
[9.690s] Compiling '/home/robotics/project_deskdash/microros_ws/install/micro_ros_msgs/local/lib/python3.10/dist-packages/micro_ros_msgs/msg/_node.py'...
[9.701s] -- Installing: /home/robotics/project_deskdash/microros_ws/install/micro_ros_msgs/local/lib/python3.10/dist-packages/micro_ros_msgs/micro_ros_msgs_s__rosidl_typesupport_fastrtps_c.cpython-310-aarch64-linux-gnu.so
[9.701s] -- Set runtime path of "/home/robotics/project_deskdash/microros_ws/install/micro_ros_msgs/local/lib/python3.10/dist-packages/micro_ros_msgs/micro_ros_msgs_s__rosidl_typesupport_fastrtps_c.cpython-310-aarch64-linux-gnu.so" to ""
[9.702s] -- Installing: /home/robotics/project_deskdash/microros_ws/install/micro_ros_msgs/local/lib/python3.10/dist-packages/micro_ros_msgs/micro_ros_msgs_s__rosidl_typesupport_introspection_c.cpython-310-aarch64-linux-gnu.so
[9.702s] -- Set runtime path of "/home/robotics/project_deskdash/microros_ws/install/micro_ros_msgs/local/lib/python3.10/dist-packages/micro_ros_msgs/micro_ros_msgs_s__rosidl_typesupport_introspection_c.cpython-310-aarch64-linux-gnu.so" to ""
[9.703s] -- Installing: /home/robotics/project_deskdash/microros_ws/install/micro_ros_msgs/local/lib/python3.10/dist-packages/micro_ros_msgs/micro_ros_msgs_s__rosidl_typesupport_c.cpython-310-aarch64-linux-gnu.so
[9.703s] -- Set runtime path of "/home/robotics/project_deskdash/microros_ws/install/micro_ros_msgs/local/lib/python3.10/dist-packages/micro_ros_msgs/micro_ros_msgs_s__rosidl_typesupport_c.cpython-310-aarch64-linux-gnu.so" to ""
[9.703s] -- Installing: /home/robotics/project_deskdash/microros_ws/install/micro_ros_msgs/lib/libmicro_ros_msgs__rosidl_generator_py.so
[9.704s] -- Set runtime path of "/home/robotics/project_deskdash/microros_ws/install/micro_ros_msgs/lib/libmicro_ros_msgs__rosidl_generator_py.so" to ""
[9.704s] -- Installing: /home/robotics/project_deskdash/microros_ws/install/micro_ros_msgs/share/micro_ros_msgs/msg/Graph.idl
[9.705s] -- Installing: /home/robotics/project_deskdash/microros_ws/install/micro_ros_msgs/share/micro_ros_msgs/msg/Node.idl
[9.705s] -- Installing: /home/robotics/project_deskdash/microros_ws/install/micro_ros_msgs/share/micro_ros_msgs/msg/Entity.idl
[9.705s] -- Installing: /home/robotics/project_deskdash/microros_ws/install/micro_ros_msgs/share/micro_ros_msgs/msg/Graph.msg
[9.705s] -- Installing: /home/robotics/project_deskdash/microros_ws/install/micro_ros_msgs/share/micro_ros_msgs/msg/Node.msg
[9.706s] -- Installing: /home/robotics/project_deskdash/microros_ws/install/micro_ros_msgs/share/micro_ros_msgs/msg/Entity.msg
[9.706s] -- Installing: /home/robotics/project_deskdash/microros_ws/install/micro_ros_msgs/share/ament_index/resource_index/package_run_dependencies/micro_ros_msgs
[9.706s] -- Installing: /home/robotics/project_deskdash/microros_ws/install/micro_ros_msgs/share/ament_index/resource_index/parent_prefix_path/micro_ros_msgs
[9.707s] -- Installing: /home/robotics/project_deskdash/microros_ws/install/micro_ros_msgs/share/micro_ros_msgs/environment/ament_prefix_path.sh
[9.707s] -- Installing: /home/robotics/project_deskdash/microros_ws/install/micro_ros_msgs/share/micro_ros_msgs/environment/ament_prefix_path.dsv
[9.707s] -- Installing: /home/robotics/project_deskdash/microros_ws/install/micro_ros_msgs/share/micro_ros_msgs/environment/path.sh
[9.708s] -- Installing: /home/robotics/project_deskdash/microros_ws/install/micro_ros_msgs/share/micro_ros_msgs/environment/path.dsv
[9.708s] -- Installing: /home/robotics/project_deskdash/microros_ws/install/micro_ros_msgs/share/micro_ros_msgs/local_setup.bash
[9.708s] -- Installing: /home/robotics/project_deskdash/microros_ws/install/micro_ros_msgs/share/micro_ros_msgs/local_setup.sh
[9.708s] -- Installing: /home/robotics/project_deskdash/microros_ws/install/micro_ros_msgs/share/micro_ros_msgs/local_setup.zsh
[9.709s] -- Installing: /home/robotics/project_deskdash/microros_ws/install/micro_ros_msgs/share/micro_ros_msgs/local_setup.dsv
[9.709s] -- Installing: /home/robotics/project_deskdash/microros_ws/install/micro_ros_msgs/share/micro_ros_msgs/package.dsv
[9.709s] -- Installing: /home/robotics/project_deskdash/microros_ws/install/micro_ros_msgs/share/ament_index/resource_index/packages/micro_ros_msgs
[9.710s] -- Installing: /home/robotics/project_deskdash/microros_ws/install/micro_ros_msgs/share/micro_ros_msgs/cmake/export_micro_ros_msgs__rosidl_generator_cExport.cmake
[9.710s] -- Installing: /home/robotics/project_deskdash/microros_ws/install/micro_ros_msgs/share/micro_ros_msgs/cmake/export_micro_ros_msgs__rosidl_generator_cExport-noconfig.cmake
[9.710s] -- Installing: /home/robotics/project_deskdash/microros_ws/install/micro_ros_msgs/share/micro_ros_msgs/cmake/export_micro_ros_msgs__rosidl_typesupport_fastrtps_cExport.cmake
[9.711s] -- Installing: /home/robotics/project_deskdash/microros_ws/install/micro_ros_msgs/share/micro_ros_msgs/cmake/export_micro_ros_msgs__rosidl_typesupport_fastrtps_cExport-noconfig.cmake
[9.711s] -- Installing: /home/robotics/project_deskdash/microros_ws/install/micro_ros_msgs/share/micro_ros_msgs/cmake/micro_ros_msgs__rosidl_typesupport_introspection_cExport.cmake
[9.711s] -- Installing: /home/robotics/project_deskdash/microros_ws/install/micro_ros_msgs/share/micro_ros_msgs/cmake/micro_ros_msgs__rosidl_typesupport_introspection_cExport-noconfig.cmake
[9.712s] -- Installing: /home/robotics/project_deskdash/microros_ws/install/micro_ros_msgs/share/micro_ros_msgs/cmake/micro_ros_msgs__rosidl_typesupport_cExport.cmake
[9.712s] -- Installing: /home/robotics/project_deskdash/microros_ws/install/micro_ros_msgs/share/micro_ros_msgs/cmake/micro_ros_msgs__rosidl_typesupport_cExport-noconfig.cmake
[9.712s] -- Installing: /home/robotics/project_deskdash/microros_ws/install/micro_ros_msgs/share/micro_ros_msgs/cmake/export_micro_ros_msgs__rosidl_generator_cppExport.cmake
[9.712s] -- Installing: /home/robotics/project_deskdash/microros_ws/install/micro_ros_msgs/share/micro_ros_msgs/cmake/export_micro_ros_msgs__rosidl_typesupport_fastrtps_cppExport.cmake
[9.713s] -- Installing: /home/robotics/project_deskdash/microros_ws/install/micro_ros_msgs/share/micro_ros_msgs/cmake/export_micro_ros_msgs__rosidl_typesupport_fastrtps_cppExport-noconfig.cmake
[9.713s] -- Installing: /home/robotics/project_deskdash/microros_ws/install/micro_ros_msgs/share/micro_ros_msgs/cmake/micro_ros_msgs__rosidl_typesupport_introspection_cppExport.cmake
[9.713s] -- Installing: /home/robotics/project_deskdash/microros_ws/install/micro_ros_msgs/share/micro_ros_msgs/cmake/micro_ros_msgs__rosidl_typesupport_introspection_cppExport-noconfig.cmake
[9.714s] -- Installing: /home/robotics/project_deskdash/microros_ws/install/micro_ros_msgs/share/micro_ros_msgs/cmake/micro_ros_msgs__rosidl_typesupport_cppExport.cmake
[9.714s] -- Installing: /home/robotics/project_deskdash/microros_ws/install/micro_ros_msgs/share/micro_ros_msgs/cmake/micro_ros_msgs__rosidl_typesupport_cppExport-noconfig.cmake
[9.714s] -- Installing: /home/robotics/project_deskdash/microros_ws/install/micro_ros_msgs/share/micro_ros_msgs/cmake/export_micro_ros_msgs__rosidl_generator_pyExport.cmake
[9.715s] -- Installing: /home/robotics/project_deskdash/microros_ws/install/micro_ros_msgs/share/micro_ros_msgs/cmake/export_micro_ros_msgs__rosidl_generator_pyExport-noconfig.cmake
[9.715s] -- Installing: /home/robotics/project_deskdash/microros_ws/install/micro_ros_msgs/share/micro_ros_msgs/cmake/rosidl_cmake-extras.cmake
[9.715s] -- Installing: /home/robotics/project_deskdash/microros_ws/install/micro_ros_msgs/share/micro_ros_msgs/cmake/ament_cmake_export_include_directories-extras.cmake
[9.716s] -- Installing: /home/robotics/project_deskdash/microros_ws/install/micro_ros_msgs/share/micro_ros_msgs/cmake/ament_cmake_export_libraries-extras.cmake
[9.716s] -- Installing: /home/robotics/project_deskdash/microros_ws/install/micro_ros_msgs/share/micro_ros_msgs/cmake/ament_cmake_export_targets-extras.cmake
[9.716s] -- Installing: /home/robotics/project_deskdash/microros_ws/install/micro_ros_msgs/share/micro_ros_msgs/cmake/rosidl_cmake_export_typesupport_targets-extras.cmake
[9.716s] -- Installing: /home/robotics/project_deskdash/microros_ws/install/micro_ros_msgs/share/micro_ros_msgs/cmake/ament_cmake_export_dependencies-extras.cmake
[9.717s] -- Installing: /home/robotics/project_deskdash/microros_ws/install/micro_ros_msgs/share/micro_ros_msgs/cmake/rosidl_cmake_export_typesupport_libraries-extras.cmake
[9.717s] -- Installing: /home/robotics/project_deskdash/microros_ws/install/micro_ros_msgs/share/micro_ros_msgs/cmake/micro_ros_msgsConfig.cmake
[9.717s] -- Installing: /home/robotics/project_deskdash/microros_ws/install/micro_ros_msgs/share/micro_ros_msgs/cmake/micro_ros_msgsConfig-version.cmake
[9.718s] -- Installing: /home/robotics/project_deskdash/microros_ws/install/micro_ros_msgs/share/micro_ros_msgs/package.xml
[9.724s] Invoked command in '/home/robotics/project_deskdash/microros_ws/build/micro_ros_msgs' returned '0': CMAKE_PREFIX_PATH=${CMAKE_PREFIX_PATH}:/opt/ros/humble /usr/bin/cmake --install /home/robotics/project_deskdash/microros_ws/build/micro_ros_msgs
